Archive member included to satisfy reference by file (symbol)

/usr/lib/gcc-cross/aarch64-linux-gnu/13/libgcc.a(cas_1_4.o)
                              core.o (__aarch64_cas1_acq_rel)
/usr/lib/gcc-cross/aarch64-linux-gnu/13/libgcc.a(swp_1_4.o)
                              core.o (__aarch64_swp1_acq_rel)
/usr/lib/gcc-cross/aarch64-linux-gnu/13/libgcc.a(ldadd_8_4.o)
                              core.o (__aarch64_ldadd8_acq_rel)
/usr/lib/gcc-cross/aarch64-linux-gnu/13/libgcc.a(lse-init.o)
                              /usr/lib/gcc-cross/aarch64-linux-gnu/13/libgcc.a(cas_1_4.o) (__aarch64_have_lse_atomics)

Merging program properties

Removed property 0xc0000000 to merge /usr/lib/gcc-cross/aarch64-linux-gnu/13/libgcc.a(cas_1_4.o) (0x3) and core.o (not found)
Removed property 0xc0000000 to merge /usr/lib/gcc-cross/aarch64-linux-gnu/13/libgcc.a(cas_1_4.o) (not found) and /usr/lib/gcc-cross/aarch64-linux-gnu/13/libgcc.a(swp_1_4.o) (0x3)
Removed property 0xc0000000 to merge /usr/lib/gcc-cross/aarch64-linux-gnu/13/libgcc.a(cas_1_4.o) (not found) and /usr/lib/gcc-cross/aarch64-linux-gnu/13/libgcc.a(ldadd_8_4.o) (0x3)
Removed property 0xc0000000 to merge /usr/lib/gcc-cross/aarch64-linux-gnu/13/libgcc.a(cas_1_4.o) (not found) and /usr/lib/gcc-cross/aarch64-linux-gnu/13/libgcc.a(lse-init.o) (0x3)
hal_qemu_arm64.o: dynamic relocation against `hal::qemu_virt_arm64::MemoryOps::~MemoryOps()' in read-only section `.rodata._ZTVN3hal15qemu_virt_arm649MemoryOpsE[_ZTVN3hal15qemu_virt_arm649MemoryOpsE]'

Discarded input sections

 .group         0x0000000000000000        0x8 core.o
 .group         0x0000000000000000        0xc core.o
 .group         0x0000000000000000        0x8 core.o
 .group         0x0000000000000000        0xc core.o
 .group         0x0000000000000000        0xc core.o
 .group         0x0000000000000000        0xc core.o
 .group         0x0000000000000000        0xc core.o
 .group         0x0000000000000000        0xc core.o
 .group         0x0000000000000000        0xc core.o
 .group         0x0000000000000000        0xc core.o
 .group         0x0000000000000000        0xc core.o
 .group         0x0000000000000000        0xc core.o
 .group         0x0000000000000000        0xc core.o
 .group         0x0000000000000000        0xc core.o
 .group         0x0000000000000000        0x8 core.o
 .group         0x0000000000000000        0xc core.o
 .group         0x0000000000000000        0x8 core.o
 .group         0x0000000000000000        0xc core.o
 .group         0x0000000000000000        0xc core.o
 .group         0x0000000000000000        0xc core.o
 .group         0x0000000000000000        0xc core.o
 .group         0x0000000000000000        0xc core.o
 .group         0x0000000000000000        0xc core.o
 .group         0x0000000000000000        0xc core.o
 .group         0x0000000000000000        0x8 core.o
 .group         0x0000000000000000        0xc core.o
 .group         0x0000000000000000       0x14 core.o
 .group         0x0000000000000000        0x8 core.o
 .group         0x0000000000000000        0xc core.o
 .group         0x0000000000000000        0xc core.o
 .group         0x0000000000000000        0xc core.o
 .group         0x0000000000000000        0x8 core.o
 .group         0x0000000000000000        0x8 core.o
 .group         0x0000000000000000        0x8 core.o
 .group         0x0000000000000000        0x8 core.o
 .group         0x0000000000000000        0x8 core.o
 .group         0x0000000000000000        0xc core.o
 .group         0x0000000000000000        0x8 core.o
 .group         0x0000000000000000        0x8 core.o
 .group         0x0000000000000000        0x8 core.o
 .group         0x0000000000000000        0x8 core.o
 .group         0x0000000000000000        0xc core.o
 .group         0x0000000000000000       0x14 core.o
 .group         0x0000000000000000        0xc core.o
 .group         0x0000000000000000        0xc hal.o
 .group         0x0000000000000000        0xc hal.o
 .text._ZN6kernel4core13ScopedISRLockC2ERNS0_8SpinlockE
                0x0000000000000000       0x34 hal.o
 .text._ZN6kernel4core13ScopedISRLockD2Ev
                0x0000000000000000       0x24 hal.o
 .group         0x0000000000000000        0x8 util.o
 .group         0x0000000000000000        0xc util.o
 .group         0x0000000000000000        0xc util.o
 .group         0x0000000000000000        0xc util.o
 .group         0x0000000000000000        0xc util.o
 .group         0x0000000000000000        0x8 util.o
 .group         0x0000000000000000        0x8 util.o
 .group         0x0000000000000000        0x8 util.o
 .group         0x0000000000000000        0x8 util.o
 .group         0x0000000000000000        0x8 util.o
 .group         0x0000000000000000        0xc util.o
 .group         0x0000000000000000        0xc util.o
 .group         0x0000000000000000        0x8 util.o
 .group         0x0000000000000000        0x8 util.o
 .group         0x0000000000000000        0x8 util.o
[...]
Memory Configuration

Name             Origin             Length             Attributes
RAM              0x0000000040000000 0x0000000008000000 xrw
*default*        0x0000000000000000 0xffffffffffffffff

Linker script and memory map

LOAD core.o
LOAD hal.o
LOAD util.o
LOAD trace.o
LOAD cli_minimal.o
LOAD kernel_globals.o
LOAD cpu_arm64.o
LOAD hal_qemu_arm64.o
LOAD cpp_runtime_stubs.o
LOAD freestanding_stubs.o
START GROUP
LOAD /usr/lib/gcc-cross/aarch64-linux-gnu/13/libgcc.a
END GROUP
                0x0000000040000000                . = ORIGIN (RAM)

.text           0x0000000040000000     0xb800
 *(.text.boot)
 .text.boot     0x0000000040000000      0x188 cpu_arm64.o
                0x0000000040000000                _start
 *(.text .text.*)
 .text          0x0000000040000188        0x0 core.o
 .text._ZSt23__is_constant_evaluatedv
                0x0000000040000188        0x8 core.o
                0x0000000040000188                std::__is_constant_evaluated()
 .text._ZNSt11char_traitsIcE6lengthEPKc
                0x0000000040000190       0x40 core.o
                0x0000000040000190                std::char_traits<char>::length(char const*)
 .text._ZStanSt12memory_orderSt23__memory_order_modifier
                0x00000000400001d0       0x20 core.o
                0x00000000400001d0                std::operator&(std::memory_order, std::__memory_order_modifier)
 .text._ZSt32__is_valid_cmpexch_failure_orderSt12memory_order
                0x00000000400001f0       0x48 core.o
                0x00000000400001f0                std::__is_valid_cmpexch_failure_order(std::memory_order)
 .text._ZNSt6atomicIbEC2Eb
                0x0000000040000238       0x28 core.o
                0x0000000040000238                std::atomic<bool>::atomic(bool)
                0x0000000040000238                std::atomic<bool>::atomic(bool)
 .text._ZNSt6atomicIbE5storeEbSt12memory_order
                0x0000000040000260       0xf4 core.o
                0x0000000040000260                std::atomic<bool>::store(bool, std::memory_order)
 .text._ZNKSt6atomicIbE4loadESt12memory_order
                0x0000000040000354       0xb8 core.o
                0x0000000040000354                std::atomic<bool>::load(std::memory_order) const
 .text._ZNSt6atomicIbE8exchangeEbSt12memory_order
                0x000000004000040c       0x58 core.o
                0x000000004000040c                std::atomic<bool>::exchange(bool, std::memory_order)
 .text._ZNSt6atomicIbE23compare_exchange_strongERbbSt12memory_orderS2_
                0x0000000040000464       0xdc core.o
                0x0000000040000464                std::atomic<bool>::compare_exchange_strong(bool&, bool, std::memory_order, std::memory_order)
 .text._ZNSt6atomicImEC2Em
                0x0000000040000540       0x28 core.o
                0x0000000040000540                std::atomic<unsigned long>::atomic(unsigned long)
                0x0000000040000540                std::atomic<unsigned long>::atomic(unsigned long)
 .text._ZN6kernel4core10ScopedLockC2ERNS0_8SpinlockE
                0x0000000040000568       0x34 core.o
                0x0000000040000568                kernel::core::ScopedLock::ScopedLock(kernel::core::Spinlock&)
                0x0000000040000568                kernel::core::ScopedLock::ScopedLock(kernel::core::Spinlock&)
 .text._ZN6kernel4core10ScopedLockD2Ev
                0x000000004000059c       0x24 core.o
                0x000000004000059c                kernel::core::ScopedLock::~ScopedLock()
                0x000000004000059c                kernel::core::ScopedLock::~ScopedLock()
 .text._ZN6kernel4core13ScopedISRLockC2ERNS0_8SpinlockE
                0x00000000400005c0       0x34 core.o
                0x00000000400005c0                kernel::core::ScopedISRLock::ScopedISRLock(kernel::core::Spinlock&)
                0x00000000400005c0                kernel::core::ScopedISRLock::ScopedISRLock(kernel::core::Spinlock&)
 .text._ZN6kernel4core13ScopedISRLockD2Ev
                0x00000000400005f4       0x24 core.o
                0x00000000400005f4                kernel::core::ScopedISRLock::~ScopedISRLock()
                0x00000000400005f4                kernel::core::ScopedISRLock::~ScopedISRLock()
 .text._ZN6kernel4core9Scheduler10set_policyEPNS0_15SchedulerPolicyE
                0x0000000040000618       0x24 core.o
                0x0000000040000618                kernel::core::Scheduler::set_policy(kernel::core::SchedulerPolicy*)
 .text._ZNK6kernel4core9Scheduler20get_num_active_tasksEv
                0x000000004000063c       0xa8 core.o
                0x000000004000063c                kernel::core::Scheduler::get_num_active_tasks() const
 .text._ZN6kernel4core9Scheduler25get_global_scheduler_lockEv
                0x00000000400006e4       0x18 core.o
                0x00000000400006e4                kernel::core::Scheduler::get_global_scheduler_lock()
 .text._ZN6kernel4util7kmemsetEPvim
                0x00000000400006fc       0x2c core.o
                0x00000000400006fc                kernel::util::kmemset(void*, int, unsigned long)
 .text._ZN5trace12TraceManager4initEv
                0x0000000040000728       0x20 core.o
                0x0000000040000728                trace::TraceManager::init()
 .text._ZN5trace12TraceManager11set_enabledEb
                0x0000000040000748       0x2c core.o
                0x0000000040000748                trace::TraceManager::set_enabled(bool)
 .text._ZNK5trace12TraceManager10is_enabledEv
                0x0000000040000774       0x24 core.o
                0x0000000040000774                trace::TraceManager::is_enabled() const
 .text._ZN6kernel4core15FixedMemoryPoolC2Ev
                0x0000000040000798       0x5c core.o
                0x0000000040000798                kernel::core::FixedMemoryPool::FixedMemoryPool()
                0x0000000040000798                kernel::core::FixedMemoryPool::FixedMemoryPool()
 .text._ZN6kernel4core3TCBC2Ev
                0x00000000400007f4       0x40 core.o
                0x00000000400007f4                kernel::core::TCB::TCB()
                0x00000000400007f4                kernel::core::TCB::TCB()
 .text._ZNSt5arrayIN6kernel4core3TCBELm16EEC2Ev
                0x0000000040000834       0x4c core.o
                0x0000000040000834                std::array<kernel::core::TCB, 16ul>::array()
                0x0000000040000834                std::array<kernel::core::TCB, 16ul>::array()
 .text._ZNSt13__atomic_baseIbEC1Eb
                0x0000000040000880       0x24 core.o
                0x0000000040000880                std::__atomic_base<bool>::__atomic_base(bool)
 .text._ZN6kernel4core8SpinlockC2Ev
                0x00000000400008a4       0x48 core.o
                0x00000000400008a4                kernel::core::Spinlock::Spinlock()
                0x00000000400008a4                kernel::core::Spinlock::Spinlock()
 .text._ZN6kernel4core8Spinlock16acquire_isr_safeEv
                0x00000000400008ec       0x78 core.o
                0x00000000400008ec                kernel::core::Spinlock::acquire_isr_safe()
 .text._ZN6kernel4core8Spinlock16release_isr_safeEv
                0x0000000040000964       0x28 core.o
                0x0000000040000964                kernel::core::Spinlock::release_isr_safe()
 .text._ZN6kernel4core8Spinlock15acquire_generalEv
                0x000000004000098c       0xd8 core.o
                0x000000004000098c                kernel::core::Spinlock::acquire_general()
 .text._ZN6kernel4core8Spinlock15release_generalEv
                0x0000000040000a64       0x28 core.o
                0x0000000040000a64                kernel::core::Spinlock::release_general()
 .text._ZN6kernel4core15FixedMemoryPool4initEPvmmm
                0x0000000040000a8c      0x1b4 core.o
                0x0000000040000a8c                kernel::core::FixedMemoryPool::init(void*, unsigned long, unsigned long, unsigned long)
 .text._ZN6kernel4core15FixedMemoryPool8allocateEv
                0x0000000040000c40       0x90 core.o
                0x0000000040000c40                kernel::core::FixedMemoryPool::allocate()
 .text._ZN6kernel4core15FixedMemoryPool10free_blockEPv
                0x0000000040000cd0       0x8c core.o
                0x0000000040000cd0                kernel::core::FixedMemoryPool::free_block(void*)
 .text._ZN6kernel4core9EDFPolicy16select_next_taskEjPNS0_3TCBE
                0x0000000040000d5c      0x208 core.o
                0x0000000040000d5c                kernel::core::EDFPolicy::select_next_task(unsigned int, kernel::core::TCB*)
 .text._ZN6kernel4core9EDFPolicy18add_to_ready_queueEPNS0_3TCBEj
                0x0000000040000f64      0x150 core.o
                0x0000000040000f64                kernel::core::EDFPolicy::add_to_ready_queue(kernel::core::TCB*, unsigned int)
 .text._ZNSt5arrayIN6kernel4core8SpinlockELm4EEC2Ev
                0x00000000400010b4       0x4c core.o
                0x00000000400010b4                std::array<kernel::core::Spinlock, 4ul>::array()
                0x00000000400010b4                std::array<kernel::core::Spinlock, 4ul>::array()
 .text._ZN6kernel4core9SchedulerC2Ev
                0x0000000040001100       0xc0 core.o
                0x0000000040001100                kernel::core::Scheduler::Scheduler()
                0x0000000040001100                kernel::core::Scheduler::Scheduler()
 .text._ZN6kernel4core15SchedulerPolicyD2Ev
                0x00000000400011c0       0x24 core.o
                0x00000000400011c0                kernel::core::SchedulerPolicy::~SchedulerPolicy()
                0x00000000400011c0                kernel::core::SchedulerPolicy::~SchedulerPolicy()
 .text._ZN6kernel4core15SchedulerPolicyD0Ev
                0x00000000400011e4       0x28 core.o
                0x00000000400011e4                kernel::core::SchedulerPolicy::~SchedulerPolicy()
 .text._ZN6kernel4core9SchedulerD2Ev
                0x000000004000120c       0x38 core.o
                0x000000004000120c                kernel::core::Scheduler::~Scheduler()
                0x000000004000120c                kernel::core::Scheduler::~Scheduler()
 .text._ZN6kernel4core9Scheduler13create_threadEPFvPvEPKviiPKcbm
                0x0000000040001244      0x43c core.o
                0x0000000040001244                kernel::core::Scheduler::create_thread(void (*)(void*), void const*, int, int, char const*, bool, unsigned long)
 .text._ZN6kernel4core9Scheduler20start_core_schedulerEj
                0x0000000040001680      0x230 core.o
                0x0000000040001680                kernel::core::Scheduler::start_core_scheduler(unsigned int)
 .text._ZN6kernel4core9Scheduler15preemptive_tickEj
                0x00000000400018b0       0x74 core.o
                0x00000000400018b0                kernel::core::Scheduler::preemptive_tick(unsigned int)
 .text._ZN6kernel4core9Scheduler5yieldEj
                0x0000000040001924       0x90 core.o
                0x0000000040001924                kernel::core::Scheduler::yield(unsigned int)
 .text._ZN6kernel4core9Scheduler16signal_event_isrEPNS0_3TCBE
                0x00000000400019b4       0x40 core.o
                0x00000000400019b4                kernel::core::Scheduler::signal_event_isr(kernel::core::TCB*)
 .text._ZN6kernel4core9Scheduler14wait_for_eventEPNS0_3TCBE
                0x00000000400019f4       0x70 core.o
                0x00000000400019f4                kernel::core::Scheduler::wait_for_event(kernel::core::TCB*)
 .text._ZN6kernel4core9Scheduler31pop_highest_priority_ready_taskEj
                0x0000000040001a64      0x1b0 core.o
                0x0000000040001a64                kernel::core::Scheduler::pop_highest_priority_ready_task(unsigned int)
 .text._ZN6kernel4core9Scheduler8scheduleEjb
                0x0000000040001c14      0x2c0 core.o
                0x0000000040001c14                kernel::core::Scheduler::schedule(unsigned int, bool)
 .text._ZN6kernel4core9Scheduler16idle_thread_funcEPv
                0x0000000040001ed4       0xc4 core.o
                0x0000000040001ed4                kernel::core::Scheduler::idle_thread_func(void*)
 .text._ZN6kernel4core9Scheduler16thread_bootstrapEPNS0_3TCBE
                0x0000000040001f98      0x268 core.o
                0x0000000040001f98                kernel::core::Scheduler::thread_bootstrap(kernel::core::TCB*)
 .text._ZNSt13__atomic_baseImEC2Em
                0x0000000040002200       0x24 core.o
                0x0000000040002200                std::__atomic_base<unsigned long>::__atomic_base(unsigned long)
 .text._ZN6kernel11trace_eventEPKcmm
                0x0000000040002224      0x208 core.o
                0x0000000040002224                kernel::trace_event(char const*, unsigned long, unsigned long)
 .text._ZN6kernel17dump_trace_bufferEPNS_3hal13UARTDriverOpsE
                0x000000004000242c      0x374 core.o
                0x000000004000242c                kernel::dump_trace_buffer(kernel::hal::UARTDriverOps*)
 .text._ZN6kernel16get_kernel_statsEPNS_3hal13UARTDriverOpsE
                0x00000000400027a0      0x244 core.o
                0x00000000400027a0                kernel::get_kernel_stats(kernel::hal::UARTDriverOps*)
 .text._ZN6kernel4core15SchedulerPolicyC2Ev
                0x00000000400029e4       0x24 core.o
                0x00000000400029e4                kernel::core::SchedulerPolicy::SchedulerPolicy()
                0x00000000400029e4                kernel::core::SchedulerPolicy::SchedulerPolicy()
 .text._ZN6kernel4core9EDFPolicyC2Ev
                0x0000000040002a08       0x30 core.o
                0x0000000040002a08                kernel::core::EDFPolicy::EDFPolicy()
                0x0000000040002a08                kernel::core::EDFPolicy::EDFPolicy()
 .text.kernel_main
                0x0000000040002a38      0x470 core.o
                0x0000000040002a38                kernel_main
 .text._ZN9__gnu_cxx11char_traitsIcE6lengthEPKc
                0x0000000040002ea8       0x5c core.o
                0x0000000040002ea8                __gnu_cxx::char_traits<char>::length(char const*)
 .text._ZNSt5arrayIN6kernel4core8SpinlockELm4EEixEm
                0x0000000040002f04       0x24 core.o
                0x0000000040002f04                std::array<kernel::core::Spinlock, 4ul>::operator[](unsigned long)
 .text._ZNSt5arrayIS_IPN6kernel4core3TCBELm16EELm4EEixEm
                0x0000000040002f28       0x24 core.o
                0x0000000040002f28                std::array<std::array<kernel::core::TCB*, 16ul>, 4ul>::operator[](unsigned long)
 .text._ZNSt5arrayIPN6kernel4core3TCBELm16EEixEm
                0x0000000040002f4c       0x24 core.o
                0x0000000040002f4c                std::array<kernel::core::TCB*, 16ul>::operator[](unsigned long)
 .text._ZNSt5arrayIN6kernel4core3TCBELm16EEixEm
                0x0000000040002f70       0x28 core.o
                0x0000000040002f70                std::array<kernel::core::TCB, 16ul>::operator[](unsigned long)
 .text._ZNSt5arrayIS_IhLm4096EELm16EEixEm
                0x0000000040002f98       0x24 core.o
                0x0000000040002f98                std::array<std::array<unsigned char, 4096ul>, 16ul>::operator[](unsigned long)
 .text._ZNSt17basic_string_viewIcSt11char_traitsIcEEC2EPKc
                0x0000000040002fbc       0x3c core.o
                0x0000000040002fbc                std::basic_string_view<char, std::char_traits<char> >::basic_string_view(char const*)
                0x0000000040002fbc                std::basic_string_view<char, std::char_traits<char> >::basic_string_view(char const*)
 .text._ZNSt5arrayIN6kernel4core10PerCPUDataELm4EEixEm
                0x0000000040002ff8       0x24 core.o
                0x0000000040002ff8                std::array<kernel::core::PerCPUData, 4ul>::operator[](unsigned long)
 .text._ZNSt5arrayISt6atomicImELm4EEixEm
                0x000000004000301c       0x24 core.o
                0x000000004000301c                std::array<std::atomic<unsigned long>, 4ul>::operator[](unsigned long)
 .text._ZNSt5arrayIN6kernel4core10TraceEntryELm1024EEixEm
                0x0000000040003040       0x28 core.o
                0x0000000040003040                std::array<kernel::core::TraceEntry, 1024ul>::operator[](unsigned long)
 .text._ZN9__gnu_cxx11char_traitsIcE2eqERKcS3_
                0x0000000040003068       0x30 core.o
                0x0000000040003068                __gnu_cxx::char_traits<char>::eq(char const&, char const&)
 .text._ZN6kernel4core9EDFPolicyD2Ev
                0x0000000040003098       0x30 core.o
                0x0000000040003098                kernel::core::EDFPolicy::~EDFPolicy()
                0x0000000040003098                kernel::core::EDFPolicy::~EDFPolicy()
 .text._ZN6kernel4core9EDFPolicyD0Ev
                0x00000000400030c8       0x28 core.o
                0x00000000400030c8                kernel::core::EDFPolicy::~EDFPolicy()
 .text._Z41__static_initialization_and_destruction_0v
                0x00000000400030f0       0x2c core.o
 .text._GLOBAL__sub_I_kernel_g_per_cpu_data
                0x000000004000311c       0x14 core.o
 .text          0x0000000040003130        0x0 hal.o
 .text._ZN6kernel3hal12get_platformEv
                0x0000000040003130        0xc hal.o
                0x0000000040003130                kernel::hal::get_platform()
 .text._ZN6kernel3hal18cpu_context_switchEPNS_4core3TCBES3_
                0x000000004000313c      0x1b4 hal.o
                0x000000004000313c                kernel::hal::cpu_context_switch(kernel::core::TCB*, kernel::core::TCB*)
 .text.hal_irq_handler
                0x00000000400032f0      0x1f0 hal.o
                0x00000000400032f0                hal_irq_handler
 .text._ZN6kernel3hal4sync11barrier_dmbEv
                0x00000000400034e0        0xc hal.o
                0x00000000400034e0                kernel::hal::sync::barrier_dmb()
 .text._ZN6kernel3hal4sync11barrier_dsbEv
                0x00000000400034ec        0xc hal.o
                0x00000000400034ec                kernel::hal::sync::barrier_dsb()
 .text._ZN6kernel3hal4sync11barrier_isbEv
                0x00000000400034f8        0xc hal.o
                0x00000000400034f8                kernel::hal::sync::barrier_isb()
 .text._Z41__static_initialization_and_destruction_0v
                0x0000000040003504       0x3c hal.o
 .text._GLOBAL__sub_I__ZN6kernel3hal12get_platformEv
                0x0000000040003540       0x14 hal.o
 .text          0x0000000040003554        0x0 util.o
 .text._ZNSt11char_traitsIcE4findEPKcmRS1_
                0x0000000040003554       0x74 util.o
                0x0000000040003554                std::char_traits<char>::find(char const*, unsigned long, char const&)
 .text._ZSt24__throw_out_of_range_fmtPKcz
                0x00000000400035c8       0x4c util.o
 .text._ZSt10__sv_checkmmPKc
                0x0000000040003614       0x48 util.o
                0x0000000040003614                std::__sv_check(unsigned long, unsigned long, char const*)
 .text._ZNSt14numeric_limitsIiE3minEv
                0x000000004000365c        0x8 util.o
                0x000000004000365c                std::numeric_limits<int>::min()
 .text._ZNSt14numeric_limitsIiE3maxEv
                0x0000000040003664        0x8 util.o
                0x0000000040003664                std::numeric_limits<int>::max()
 .text._ZNSt14numeric_limitsIjE3maxEv
                0x000000004000366c        0x8 util.o
                0x000000004000366c                std::numeric_limits<unsigned int>::max()
 .text._ZNSt14numeric_limitsIlE3minEv
                0x0000000040003674        0x8 util.o
                0x0000000040003674                std::numeric_limits<long>::min()
 .text._ZNKSt8__detail16__extent_storageILm18446744073709551615EE9_M_extentEv
                0x000000004000367c       0x18 util.o
                0x000000004000367c                std::__detail::__extent_storage<18446744073709551615ul>::_M_extent() const
 .text._ZN6kernel4util7kmemcpyEPvPKvm
                0x0000000040003694       0x2c util.o
                0x0000000040003694                kernel::util::kmemcpy(void*, void const*, unsigned long)
 .text._ZN6kernel4util7kstrlenEPKc
                0x00000000400036c0       0x34 util.o
                0x00000000400036c0                kernel::util::kstrlen(char const*)
 .text._ZN6kernel4util7isspaceEc
                0x00000000400036f4       0x64 util.o
                0x00000000400036f4                kernel::util::isspace(char)
 .text._ZN6kernel4util7isdigitEc
                0x0000000040003758       0x34 util.o
                0x0000000040003758                kernel::util::isdigit(char)
 .text._ZN6kernel4util11safe_strcpyEPcPKcm
                0x000000004000378c       0xd4 util.o
                0x000000004000378c                kernel::util::safe_strcpy(char*, char const*, unsigned long)
 .text._ZN6kernel4util7kstrcatEPcPKcm
                0x0000000040003860       0xf8 util.o
                0x0000000040003860                kernel::util::kstrcat(char*, char const*, unsigned long)
 .text._ZN6kernel4util7isalphaEc
                0x0000000040003958       0x4c util.o
                0x0000000040003958                kernel::util::isalpha(char)
 .text._ZN6kernel4util7isalnumEc
                0x00000000400039a4       0x50 util.o
                0x00000000400039a4                kernel::util::isalnum(char)
 .text._ZN6kernel4util7toupperEi
                0x00000000400039f4       0x40 util.o
                0x00000000400039f4                kernel::util::toupper(int)
 .text._ZN6kernel4util7tolowerEi
                0x0000000040003a34       0x40 util.o
                0x0000000040003a34                kernel::util::tolower(int)
 .text._ZN6kernel4util12str_to_int32ESt17basic_string_viewIcSt11char_traitsIcEERi
                0x0000000040003a74      0x3f8 util.o
                0x0000000040003a74                kernel::util::str_to_int32(std::basic_string_view<char, std::char_traits<char> >, int&)
 .text._ZN6kernel4util13str_to_uint32ESt17basic_string_viewIcSt11char_traitsIcEERj
                0x0000000040003e6c      0x2d8 util.o
                0x0000000040003e6c                kernel::util::str_to_uint32(std::basic_string_view<char, std::char_traits<char> >, unsigned int&)
 .text._ZN6kernel4util12str_to_floatESt17basic_string_viewIcSt11char_traitsIcEERf
                0x0000000040004144       0x20 util.o
                0x0000000040004144                kernel::util::str_to_float(std::basic_string_view<char, std::char_traits<char> >, float&)
 .text._ZN6kernel4utilL11reverse_strEPci
                0x0000000040004164       0x9c util.o
 .text._ZN6kernel4utilL24num_to_str_base_internalEmPcmib
                0x0000000040004200      0x330 util.o
 .text._ZN6kernel4util10int_to_strEiPcmi
                0x0000000040004530       0x38 util.o
                0x0000000040004530                kernel::util::int_to_str(int, char*, unsigned long, int)
 .text._ZN6kernel4util11uint_to_strEjPcmi
                0x0000000040004568       0x38 util.o
                0x0000000040004568                kernel::util::uint_to_str(unsigned int, char*, unsigned long, int)
 .text._ZN6kernel4util13uint64_to_strEmPcmi
                0x00000000400045a0       0x38 util.o
                0x00000000400045a0                kernel::util::uint64_to_str(unsigned long, char*, unsigned long, int)
 .text._ZN6kernel4util17uint64_to_hex_strEmPcmb
                0x00000000400045d8      0x100 util.o
                0x00000000400045d8                kernel::util::uint64_to_hex_str(unsigned long, char*, unsigned long, bool)
 .text._ZNKSt4spanIcLm18446744073709551615EE4dataEv
                0x00000000400046d8       0x18 util.o
                0x00000000400046d8                std::span<char, 18446744073709551615ul>::data() const
 .text._ZNKSt4spanIcLm18446744073709551615EE4sizeEv
                0x00000000400046f0       0x20 util.o
                0x00000000400046f0                std::span<char, 18446744073709551615ul>::size() const
 .text._ZNKSt4spanIcLm18446744073709551615EE5emptyEv
                0x0000000040004710       0x28 util.o
                0x0000000040004710                std::span<char, 18446744073709551615ul>::empty() const
 .text._ZN6kernel4util18uint32_to_ipv4_strEjSt4spanIcLm18446744073709551615EE
                0x0000000040004738      0x224 util.o
                0x0000000040004738                kernel::util::uint32_to_ipv4_str(unsigned int, std::span<char, 18446744073709551615ul>)
 .text._ZNKSt17basic_string_viewIcSt11char_traitsIcEE17find_first_not_ofEPKcm
                0x000000004000495c       0x38 util.o
                0x000000004000495c                std::basic_string_view<char, std::char_traits<char> >::find_first_not_of(char const*, unsigned long) const
 .text._ZNKSt17basic_string_viewIcSt11char_traitsIcEE17find_first_not_ofEPKcmm
                0x0000000040004994       0x88 util.o
                0x0000000040004994                std::basic_string_view<char, std::char_traits<char> >::find_first_not_of(char const*, unsigned long, unsigned long) const
 .text._ZNKSt17basic_string_viewIcSt11char_traitsIcEE16find_last_not_ofEPKcm
                0x0000000040004a1c       0x38 util.o
                0x0000000040004a1c                std::basic_string_view<char, std::char_traits<char> >::find_last_not_of(char const*, unsigned long) const
 .text._ZNKSt17basic_string_viewIcSt11char_traitsIcEE16find_last_not_ofEPKcmm
                0x0000000040004a54       0xd4 util.o
                0x0000000040004a54                std::basic_string_view<char, std::char_traits<char> >::find_last_not_of(char const*, unsigned long, unsigned long) const
 .text._ZN6kernel4util14ipv4_to_uint32ESt17basic_string_viewIcSt11char_traitsIcEERj
                0x0000000040004b28      0x29c util.o
                0x0000000040004b28                kernel::util::ipv4_to_uint32(std::basic_string_view<char, std::char_traits<char> >, unsigned int&)
 .text._ZNKSt17basic_string_viewIcSt11char_traitsIcEE6lengthEv
                0x0000000040004dc4       0x18 util.o
                0x0000000040004dc4                std::basic_string_view<char, std::char_traits<char> >::length() const
 .text._ZN6kernel4util14get_next_tokenERSt17basic_string_viewIcSt11char_traitsIcEEc
                0x0000000040004ddc      0x218 util.o
                0x0000000040004ddc                kernel::util::get_next_token(std::basic_string_view<char, std::char_traits<char> >&, char)
 .text._ZN6kernel4util11k_vsnprintfEPcmPKcSt9__va_list
                0x0000000040004ff4      0x7a4 util.o
                0x0000000040004ff4                kernel::util::k_vsnprintf(char*, unsigned long, char const*, std::__va_list)
 .text._ZN6kernel4util10k_snprintfEPcmPKcz
                0x0000000040005798       0xa8 util.o
                0x0000000040005798                kernel::util::k_snprintf(char*, unsigned long, char const*, ...)
 .text._ZN9__gnu_cxx11char_traitsIcE4findEPKcmRS2_
                0x0000000040005840       0x78 util.o
                0x0000000040005840                __gnu_cxx::char_traits<char>::find(char const*, unsigned long, char const&)
 .text._ZNSt17basic_string_viewIcSt11char_traitsIcEEC2EPKcm
                0x00000000400058b8       0x34 util.o
                0x00000000400058b8                std::basic_string_view<char, std::char_traits<char> >::basic_string_view(char const*, unsigned long)
                0x00000000400058b8                std::basic_string_view<char, std::char_traits<char> >::basic_string_view(char const*, unsigned long)
 .text._ZNKSt17basic_string_viewIcSt11char_traitsIcEE5emptyEv
                0x00000000400058ec       0x24 util.o
                0x00000000400058ec                std::basic_string_view<char, std::char_traits<char> >::empty() const
 .text._ZNKSt17basic_string_viewIcSt11char_traitsIcEEixEm
                0x0000000040005910       0x64 util.o
                0x0000000040005910                std::basic_string_view<char, std::char_traits<char> >::operator[](unsigned long) const
 .text._ZN6kernel4util3minImEERKT_S4_S4_
                0x0000000040005974       0x38 util.o
                0x0000000040005974                unsigned long const& kernel::util::min<unsigned long>(unsigned long const&, unsigned long const&)
 .text._ZNKSt4spanIcLm18446744073709551615EEixEm
                0x00000000400059ac       0x68 util.o
                0x00000000400059ac                std::span<char, 18446744073709551615ul>::operator[](unsigned long) const
 .text._ZNKSt4spanIcLm18446744073709551615EE4backEv
                0x0000000040005a14       0x74 util.o
                0x0000000040005a14                std::span<char, 18446744073709551615ul>::back() const
 .text._ZNSt17basic_string_viewIcSt11char_traitsIcEE13remove_prefixEm
                0x0000000040005a88       0x88 util.o
                0x0000000040005a88                std::basic_string_view<char, std::char_traits<char> >::remove_prefix(unsigned long)
 .text._ZSt3minImERKT_S2_S2_
                0x0000000040005b10       0x38 util.o
                0x0000000040005b10                unsigned long const& std::min<unsigned long>(unsigned long const&, unsigned long const&)
 .text._ZNKSt17basic_string_viewIcSt11char_traitsIcEE6substrEmm
                0x0000000040005b48       0x88 util.o
                0x0000000040005b48                std::basic_string_view<char, std::char_traits<char> >::substr(unsigned long, unsigned long) const
 .text._ZNKSt17basic_string_viewIcSt11char_traitsIcEE5beginEv
                0x0000000040005bd0       0x18 util.o
                0x0000000040005bd0                std::basic_string_view<char, std::char_traits<char> >::begin() const
 .text._ZNKSt17basic_string_viewIcSt11char_traitsIcEE3endEv
                0x0000000040005be8       0x24 util.o
                0x0000000040005be8                std::basic_string_view<char, std::char_traits<char> >::end() const
 .text._ZNSt17basic_string_viewIcSt11char_traitsIcEEC2Ev
                0x0000000040005c0c       0x24 util.o
                0x0000000040005c0c                std::basic_string_view<char, std::char_traits<char> >::basic_string_view()
                0x0000000040005c0c                std::basic_string_view<char, std::char_traits<char> >::basic_string_view()
 .text._ZNKSt17basic_string_viewIcSt11char_traitsIcEE4sizeEv
                0x0000000040005c30       0x18 util.o
                0x0000000040005c30                std::basic_string_view<char, std::char_traits<char> >::size() const
 .text          0x0000000040005c48        0x0 trace.o
 .text._ZN5trace10TraceEventC2Ev
                0x0000000040005c48       0x24 trace.o
                0x0000000040005c48                trace::TraceEvent::TraceEvent()
                0x0000000040005c48                trace::TraceEvent::TraceEvent()
 .text._ZNSt5arrayIN5trace10TraceEventELm64EEC2Ev
                0x0000000040005c6c       0x4c trace.o
                0x0000000040005c6c                std::array<trace::TraceEvent, 64ul>::array()
                0x0000000040005c6c                std::array<trace::TraceEvent, 64ul>::array()
 .text._ZN5trace12TraceManagerC2Ev
                0x0000000040005cb8       0x40 trace.o
                0x0000000040005cb8                trace::TraceManager::TraceManager()
                0x0000000040005cb8                trace::TraceManager::TraceManager()
 .text._ZN5trace12TraceManager12record_eventEPKN6kernel4core3TCBENS_9EventTypeESt17basic_string_viewIcSt11char_traitsIcEEm
                0x0000000040005cf8      0x170 trace.o
                0x0000000040005cf8                trace::TraceManager::record_event(kernel::core::TCB const*, trace::EventType, std::basic_string_view<char, std::char_traits<char> >, unsigned long)
 .text._ZNK5trace12TraceManager10dump_traceEPN6kernel3hal13UARTDriverOpsE
                0x0000000040005e68      0x4f8 trace.o
                0x0000000040005e68                trace::TraceManager::dump_trace(kernel::hal::UARTDriverOps*) const
 .text._ZNSt17basic_string_viewIcSt11char_traitsIcEEC1Ev
                0x0000000040006360       0x24 trace.o
 .text._ZN5trace12TraceManager11clear_traceEv
                0x0000000040006384      0x148 trace.o
                0x0000000040006384                trace::TraceManager::clear_trace()
 .text._ZNKSt17basic_string_viewIcSt11char_traitsIcEE4dataEv
                0x00000000400064cc       0x18 trace.o
                0x00000000400064cc                std::basic_string_view<char, std::char_traits<char> >::data() const
 .text._ZNSt13__atomic_baseIbEC2Eb
                0x00000000400064e4       0x24 trace.o
                0x00000000400064e4                std::__atomic_base<bool>::__atomic_base(bool)
 .text._ZNSt13__atomic_baseImEC2Em
                0x0000000040006508       0x24 trace.o
                0x0000000040006508                std::__atomic_base<unsigned long>::__atomic_base(unsigned long)
 .text._ZNSt5arrayIN5trace10TraceEventELm64EEixEm
                0x000000004000652c       0x28 trace.o
                0x000000004000652c                std::array<trace::TraceEvent, 64ul>::operator[](unsigned long)
 .text._ZNKSt5arrayIN5trace10TraceEventELm64EEixEm
                0x0000000040006554       0x28 trace.o
                0x0000000040006554                std::array<trace::TraceEvent, 64ul>::operator[](unsigned long) const
 .text._ZNSt5arrayIN5trace10TraceEventELm64EE5beginEv
                0x000000004000657c       0x1c trace.o
                0x000000004000657c                std::array<trace::TraceEvent, 64ul>::begin()
 .text._ZNSt5arrayIN5trace10TraceEventELm64EE3endEv
                0x0000000040006598       0x20 trace.o
                0x0000000040006598                std::array<trace::TraceEvent, 64ul>::end()
 .text._Z41__static_initialization_and_destruction_0v
                0x00000000400065b8       0x20 trace.o
 .text._GLOBAL__sub_I__ZN5trace15g_trace_managerE
                0x00000000400065d8       0x14 trace.o
 .text          0x00000000400065ec        0x0 cli_minimal.o
 .text._ZN3cliL13trace_commandEPKcPN6kernel3hal13UARTDriverOpsE
                0x00000000400065ec       0x24 cli_minimal.o
 .text._ZN3cliL13stats_commandEPKcPN6kernel3hal13UARTDriverOpsE
                0x0000000040006610       0x24 cli_minimal.o
 .text._ZN3cli3CLI16register_commandEPKcPFiS2_PN6kernel3hal13UARTDriverOpsEES2_
                0x0000000040006634       0x1c cli_minimal.o
                0x0000000040006634                cli::CLI::register_command(char const*, int (*)(char const*, kernel::hal::UARTDriverOps*), char const*)
 .text._ZN3cli3CLIC2Ev
                0x0000000040006650       0x50 cli_minimal.o
                0x0000000040006650                cli::CLI::CLI()
                0x0000000040006650                cli::CLI::CLI()
 .text._Z41__static_initialization_and_destruction_0v
                0x00000000400066a0       0x20 cli_minimal.o
 .text._GLOBAL__sub_I__ZN3cli5g_cliE
                0x00000000400066c0       0x14 cli_minimal.o
 .text          0x00000000400066d4        0x0 kernel_globals.o
 .text._ZN6kernel27configure_memory_protectionEPNS_4core3TCBEb
                0x00000000400066d4       0x18 kernel_globals.o
                0x00000000400066d4                kernel::configure_memory_protection(kernel::core::TCB*, bool)
 .text._Z41__static_initialization_and_destruction_0v
                0x00000000400066ec       0x2c kernel_globals.o
 .text._GLOBAL__sub_I__ZN6kernel10g_platformE
                0x0000000040006718       0x14 kernel_globals.o
 *fill*         0x000000004000672c        0x4 
 .text          0x0000000040006730      0x1a0 cpu_arm64.o
                0x0000000040006730                call_constructors
                0x00000000400067f8                cpu_context_switch_impl
 .text          0x00000000400068d0        0x0 hal_qemu_arm64.o
 .text._ZSt17__size_to_integerm
                0x00000000400068d0       0x14 hal_qemu_arm64.o
                0x00000000400068d0                std::__size_to_integer(unsigned long)
 .text._ZNK6kernel3hal3i2s6Format32get_bytes_per_sample_per_channelEv
                0x00000000400068e4       0x4c hal_qemu_arm64.o
                0x00000000400068e4                kernel::hal::i2s::Format::get_bytes_per_sample_per_channel() const
 .text._ZNK6kernel3hal3i2s6Format19get_bytes_per_frameEv
                0x0000000040006930       0x30 hal_qemu_arm64.o
                0x0000000040006930                kernel::hal::i2s::Format::get_bytes_per_frame() const
 .text._ZN6kernel3hal13UARTDriverOpsC2Ev
                0x0000000040006960       0x24 hal_qemu_arm64.o
                0x0000000040006960                kernel::hal::UARTDriverOps::UARTDriverOps()
                0x0000000040006960                kernel::hal::UARTDriverOps::UARTDriverOps()
 .text._ZN6kernel3hal13UARTDriverOpsD2Ev
                0x0000000040006984       0x24 hal_qemu_arm64.o
                0x0000000040006984                kernel::hal::UARTDriverOps::~UARTDriverOps()
                0x0000000040006984                kernel::hal::UARTDriverOps::~UARTDriverOps()
 .text._ZN6kernel3hal13UARTDriverOpsD0Ev
                0x00000000400069a8       0x28 hal_qemu_arm64.o
                0x00000000400069a8                kernel::hal::UARTDriverOps::~UARTDriverOps()
 .text._ZN3hal15qemu_virt_arm6410UARTDriverC2Ev
                0x00000000400069d0       0x48 hal_qemu_arm64.o
                0x00000000400069d0                hal::qemu_virt_arm64::UARTDriver::UARTDriver()
                0x00000000400069d0                hal::qemu_virt_arm64::UARTDriver::UARTDriver()
 .text._ZN6kernel3hal16IRQControllerOpsC2Ev
                0x0000000040006a18       0x24 hal_qemu_arm64.o
                0x0000000040006a18                kernel::hal::IRQControllerOps::IRQControllerOps()
                0x0000000040006a18                kernel::hal::IRQControllerOps::IRQControllerOps()
 .text._ZN6kernel3hal16IRQControllerOpsD2Ev
                0x0000000040006a3c       0x24 hal_qemu_arm64.o
                0x0000000040006a3c                kernel::hal::IRQControllerOps::~IRQControllerOps()
                0x0000000040006a3c                kernel::hal::IRQControllerOps::~IRQControllerOps()
 .text._ZN6kernel3hal16IRQControllerOpsD0Ev
                0x0000000040006a60       0x28 hal_qemu_arm64.o
                0x0000000040006a60                kernel::hal::IRQControllerOps::~IRQControllerOps()
 .text._ZN3hal15qemu_virt_arm6413IRQControllerC2Ev
                0x0000000040006a88       0x48 hal_qemu_arm64.o
                0x0000000040006a88                hal::qemu_virt_arm64::IRQController::IRQController()
                0x0000000040006a88                hal::qemu_virt_arm64::IRQController::IRQController()
 .text._ZN6kernel3hal12I2SDriverOpsC2Ev
                0x0000000040006ad0       0x24 hal_qemu_arm64.o
                0x0000000040006ad0                kernel::hal::I2SDriverOps::I2SDriverOps()
                0x0000000040006ad0                kernel::hal::I2SDriverOps::I2SDriverOps()
 .text._ZN6kernel3hal12I2SDriverOpsD2Ev
                0x0000000040006af4       0x24 hal_qemu_arm64.o
                0x0000000040006af4                kernel::hal::I2SDriverOps::~I2SDriverOps()
                0x0000000040006af4                kernel::hal::I2SDriverOps::~I2SDriverOps()
 .text._ZN6kernel3hal12I2SDriverOpsD0Ev
                0x0000000040006b18       0x28 hal_qemu_arm64.o
                0x0000000040006b18                kernel::hal::I2SDriverOps::~I2SDriverOps()
 .text._ZN3hal15qemu_virt_arm649I2SDriver15I2SInstanceDataC2Ev
                0x0000000040006b40       0x2c hal_qemu_arm64.o
                0x0000000040006b40                hal::qemu_virt_arm64::I2SDriver::I2SInstanceData::I2SInstanceData()
                0x0000000040006b40                hal::qemu_virt_arm64::I2SDriver::I2SInstanceData::I2SInstanceData()
 .text._ZNSt5arrayIN3hal15qemu_virt_arm649I2SDriver15I2SInstanceDataELm2EEC2Ev
                0x0000000040006b6c       0x4c hal_qemu_arm64.o
                0x0000000040006b6c                std::array<hal::qemu_virt_arm64::I2SDriver::I2SInstanceData, 2ul>::array()
                0x0000000040006b6c                std::array<hal::qemu_virt_arm64::I2SDriver::I2SInstanceData, 2ul>::array()
 .text._ZN3hal15qemu_virt_arm649I2SDriverC2Ev
                0x0000000040006bb8       0x54 hal_qemu_arm64.o
                0x0000000040006bb8                hal::qemu_virt_arm64::I2SDriver::I2SDriver()
                0x0000000040006bb8                hal::qemu_virt_arm64::I2SDriver::I2SDriver()
 .text._ZN6kernel3hal9MemoryOpsC2Ev
                0x0000000040006c0c       0x24 hal_qemu_arm64.o
                0x0000000040006c0c                kernel::hal::MemoryOps::MemoryOps()
                0x0000000040006c0c                kernel::hal::MemoryOps::MemoryOps()
 .text._ZN6kernel3hal9MemoryOpsD2Ev
                0x0000000040006c30       0x24 hal_qemu_arm64.o
                0x0000000040006c30                kernel::hal::MemoryOps::~MemoryOps()
                0x0000000040006c30                kernel::hal::MemoryOps::~MemoryOps()
 .text._ZN6kernel3hal9MemoryOpsD0Ev
                0x0000000040006c54       0x28 hal_qemu_arm64.o
                0x0000000040006c54                kernel::hal::MemoryOps::~MemoryOps()
 .text._ZN3hal15qemu_virt_arm649MemoryOpsC2Ev
                0x0000000040006c7c       0x48 hal_qemu_arm64.o
                0x0000000040006c7c                hal::qemu_virt_arm64::MemoryOps::MemoryOps()
                0x0000000040006c7c                hal::qemu_virt_arm64::MemoryOps::MemoryOps()
 .text._ZN6kernel3hal3net16NetworkDriverOpsC2Ev
                0x0000000040006cc4       0x24 hal_qemu_arm64.o
                0x0000000040006cc4                kernel::hal::net::NetworkDriverOps::NetworkDriverOps()
                0x0000000040006cc4                kernel::hal::net::NetworkDriverOps::NetworkDriverOps()
 .text._ZN6kernel3hal3net16NetworkDriverOpsD2Ev
                0x0000000040006ce8       0x24 hal_qemu_arm64.o
                0x0000000040006ce8                kernel::hal::net::NetworkDriverOps::~NetworkDriverOps()
                0x0000000040006ce8                kernel::hal::net::NetworkDriverOps::~NetworkDriverOps()
 .text._ZN6kernel3hal3net16NetworkDriverOpsD0Ev
                0x0000000040006d0c       0x28 hal_qemu_arm64.o
                0x0000000040006d0c                kernel::hal::net::NetworkDriverOps::~NetworkDriverOps()
 .text._ZN3hal15qemu_virt_arm6413NetworkDriverC2Ev
                0x0000000040006d34       0x60 hal_qemu_arm64.o
                0x0000000040006d34                hal::qemu_virt_arm64::NetworkDriver::NetworkDriver()
                0x0000000040006d34                hal::qemu_virt_arm64::NetworkDriver::NetworkDriver()
 .text._ZN6kernel3hal8PowerOpsC2Ev
                0x0000000040006d94       0x24 hal_qemu_arm64.o
                0x0000000040006d94                kernel::hal::PowerOps::PowerOps()
                0x0000000040006d94                kernel::hal::PowerOps::PowerOps()
 .text._ZN6kernel3hal8PowerOpsD2Ev
                0x0000000040006db8       0x24 hal_qemu_arm64.o
                0x0000000040006db8                kernel::hal::PowerOps::~PowerOps()
                0x0000000040006db8                kernel::hal::PowerOps::~PowerOps()
 .text._ZN6kernel3hal8PowerOpsD0Ev
                0x0000000040006ddc       0x28 hal_qemu_arm64.o
                0x0000000040006ddc                kernel::hal::PowerOps::~PowerOps()
 .text._ZN3hal15qemu_virt_arm648PowerOpsC2Ev
                0x0000000040006e04       0x48 hal_qemu_arm64.o
                0x0000000040006e04                hal::qemu_virt_arm64::PowerOps::PowerOps()
                0x0000000040006e04                hal::qemu_virt_arm64::PowerOps::PowerOps()
 .text._ZN6kernel3hal4gpio13GPIODriverOpsC2Ev
                0x0000000040006e4c       0x24 hal_qemu_arm64.o
                0x0000000040006e4c                kernel::hal::gpio::GPIODriverOps::GPIODriverOps()
                0x0000000040006e4c                kernel::hal::gpio::GPIODriverOps::GPIODriverOps()
 .text._ZN6kernel3hal4gpio13GPIODriverOpsD2Ev
                0x0000000040006e70       0x24 hal_qemu_arm64.o
                0x0000000040006e70                kernel::hal::gpio::GPIODriverOps::~GPIODriverOps()
                0x0000000040006e70                kernel::hal::gpio::GPIODriverOps::~GPIODriverOps()
 .text._ZN6kernel3hal4gpio13GPIODriverOpsD0Ev
                0x0000000040006e94       0x28 hal_qemu_arm64.o
                0x0000000040006e94                kernel::hal::gpio::GPIODriverOps::~GPIODriverOps()
 .text._ZN3hal15qemu_virt_arm6410GPIODriverC2Ev
                0x0000000040006ebc       0x48 hal_qemu_arm64.o
                0x0000000040006ebc                hal::qemu_virt_arm64::GPIODriver::GPIODriver()
                0x0000000040006ebc                hal::qemu_virt_arm64::GPIODriver::GPIODriver()
 .text._ZN6kernel3hal11WatchdogOpsC2Ev
                0x0000000040006f04       0x24 hal_qemu_arm64.o
                0x0000000040006f04                kernel::hal::WatchdogOps::WatchdogOps()
                0x0000000040006f04                kernel::hal::WatchdogOps::WatchdogOps()
 .text._ZN6kernel3hal11WatchdogOpsD2Ev
                0x0000000040006f28       0x24 hal_qemu_arm64.o
                0x0000000040006f28                kernel::hal::WatchdogOps::~WatchdogOps()
                0x0000000040006f28                kernel::hal::WatchdogOps::~WatchdogOps()
 .text._ZN6kernel3hal11WatchdogOpsD0Ev
                0x0000000040006f4c       0x28 hal_qemu_arm64.o
                0x0000000040006f4c                kernel::hal::WatchdogOps::~WatchdogOps()
 .text._ZN3hal15qemu_virt_arm6414WatchdogDriverC2Ev
                0x0000000040006f74       0x48 hal_qemu_arm64.o
                0x0000000040006f74                hal::qemu_virt_arm64::WatchdogDriver::WatchdogDriver()
                0x0000000040006f74                hal::qemu_virt_arm64::WatchdogDriver::WatchdogDriver()
 .text._ZN3hal15qemu_virt_arm6421PlatformQEMUVirtARM6419dummy_vtable_anchorEv
                0x0000000040006fbc       0x14 hal_qemu_arm64.o
                0x0000000040006fbc                hal::qemu_virt_arm64::PlatformQEMUVirtARM64::dummy_vtable_anchor()
 .text._ZN3hal15qemu_virt_arm6421PlatformQEMUVirtARM6412get_uart_opsEv
                0x0000000040006fd0       0x18 hal_qemu_arm64.o
                0x0000000040006fd0                hal::qemu_virt_arm64::PlatformQEMUVirtARM64::get_uart_ops()
 .text._ZN3hal15qemu_virt_arm6421PlatformQEMUVirtARM6411get_irq_opsEv
                0x0000000040006fe8       0x18 hal_qemu_arm64.o
                0x0000000040006fe8                hal::qemu_virt_arm64::PlatformQEMUVirtARM64::get_irq_ops()
 .text._ZN3hal15qemu_virt_arm6421PlatformQEMUVirtARM6413get_timer_opsEv
                0x0000000040007000       0x18 hal_qemu_arm64.o
                0x0000000040007000                hal::qemu_virt_arm64::PlatformQEMUVirtARM64::get_timer_ops()
 .text._ZN3hal15qemu_virt_arm6421PlatformQEMUVirtARM6411get_dma_opsEv
                0x0000000040007018       0x18 hal_qemu_arm64.o
                0x0000000040007018                hal::qemu_virt_arm64::PlatformQEMUVirtARM64::get_dma_ops()
 .text._ZN3hal15qemu_virt_arm6421PlatformQEMUVirtARM6411get_i2s_opsEv
                0x0000000040007030       0x18 hal_qemu_arm64.o
                0x0000000040007030                hal::qemu_virt_arm64::PlatformQEMUVirtARM64::get_i2s_ops()
 .text._ZN3hal15qemu_virt_arm6421PlatformQEMUVirtARM6411get_mem_opsEv
                0x0000000040007048       0x18 hal_qemu_arm64.o
                0x0000000040007048                hal::qemu_virt_arm64::PlatformQEMUVirtARM64::get_mem_ops()
 .text._ZN3hal15qemu_virt_arm6421PlatformQEMUVirtARM6411get_net_opsEv
                0x0000000040007060       0x18 hal_qemu_arm64.o
                0x0000000040007060                hal::qemu_virt_arm64::PlatformQEMUVirtARM64::get_net_ops()
 .text._ZN3hal15qemu_virt_arm6421PlatformQEMUVirtARM6413get_power_opsEv
                0x0000000040007078       0x18 hal_qemu_arm64.o
                0x0000000040007078                hal::qemu_virt_arm64::PlatformQEMUVirtARM64::get_power_ops()
 .text._ZN3hal15qemu_virt_arm6421PlatformQEMUVirtARM6412get_gpio_opsEv
                0x0000000040007090       0x18 hal_qemu_arm64.o
                0x0000000040007090                hal::qemu_virt_arm64::PlatformQEMUVirtARM64::get_gpio_ops()
 .text._ZN3hal15qemu_virt_arm6421PlatformQEMUVirtARM6416get_watchdog_opsEv
                0x00000000400070a8       0x18 hal_qemu_arm64.o
                0x00000000400070a8                hal::qemu_virt_arm64::PlatformQEMUVirtARM64::get_watchdog_ops()
 .text._ZN3hal15qemu_virt_arm6412mmio_write32Emj
                0x00000000400070c0       0x24 hal_qemu_arm64.o
                0x00000000400070c0                hal::qemu_virt_arm64::mmio_write32(unsigned long, unsigned int)
 .text._ZN3hal15qemu_virt_arm6411mmio_read32Em
                0x00000000400070e4       0x18 hal_qemu_arm64.o
                0x00000000400070e4                hal::qemu_virt_arm64::mmio_read32(unsigned long)
 .text._ZN3hal15qemu_virt_arm6422write_sysreg_cntp_tvalEm
                0x00000000400070fc       0x1c hal_qemu_arm64.o
                0x00000000400070fc                hal::qemu_virt_arm64::write_sysreg_cntp_tval(unsigned long)
 .text._ZN3hal15qemu_virt_arm6421write_sysreg_cntp_ctlEm
                0x0000000040007118       0x1c hal_qemu_arm64.o
                0x0000000040007118                hal::qemu_virt_arm64::write_sysreg_cntp_ctl(unsigned long)
 .text._ZN3hal15qemu_virt_arm6418read_sysreg_cntpctEv
                0x0000000040007134       0x18 hal_qemu_arm64.o
                0x0000000040007134                hal::qemu_virt_arm64::read_sysreg_cntpct()
 .text._ZN3hal15qemu_virt_arm6418read_sysreg_cntfrqEv
                0x000000004000714c       0x18 hal_qemu_arm64.o
                0x000000004000714c                hal::qemu_virt_arm64::read_sysreg_cntfrq()
 .text._ZN3hal15qemu_virt_arm6410UARTDriver14write_uart_regEjj
                0x0000000040007164       0x34 hal_qemu_arm64.o
                0x0000000040007164                hal::qemu_virt_arm64::UARTDriver::write_uart_reg(unsigned int, unsigned int)
 .text._ZN3hal15qemu_virt_arm6410UARTDriver13read_uart_regEj
                0x0000000040007198       0x28 hal_qemu_arm64.o
                0x0000000040007198                hal::qemu_virt_arm64::UARTDriver::read_uart_reg(unsigned int)
 .text._ZN3hal15qemu_virt_arm6410UARTDriver4putcEc
                0x00000000400071c0       0x5c hal_qemu_arm64.o
                0x00000000400071c0                hal::qemu_virt_arm64::UARTDriver::putc(char)
 .text._ZN3hal15qemu_virt_arm6410UARTDriver4putsEPKc
                0x000000004000721c       0x98 hal_qemu_arm64.o
                0x000000004000721c                hal::qemu_virt_arm64::UARTDriver::puts(char const*)
 .text._ZN3hal15qemu_virt_arm6410UARTDriver19uart_put_uint64_hexEm
                0x00000000400072b4       0xb4 hal_qemu_arm64.o
                0x00000000400072b4                hal::qemu_virt_arm64::UARTDriver::uart_put_uint64_hex(unsigned long)
 .text._ZN3hal15qemu_virt_arm6410UARTDriver13getc_blockingEv
                0x0000000040007368       0x50 hal_qemu_arm64.o
                0x0000000040007368                hal::qemu_virt_arm64::UARTDriver::getc_blocking()
 .text._ZN3hal15qemu_virt_arm6413IRQController14write_gicd_regEjj
                0x00000000400073b8       0x34 hal_qemu_arm64.o
                0x00000000400073b8                hal::qemu_virt_arm64::IRQController::write_gicd_reg(unsigned int, unsigned int)
 .text._ZN3hal15qemu_virt_arm6413IRQController13read_gicd_regEj
                0x00000000400073ec       0x28 hal_qemu_arm64.o
                0x00000000400073ec                hal::qemu_virt_arm64::IRQController::read_gicd_reg(unsigned int)
 .text._ZN3hal15qemu_virt_arm6413IRQController14write_gicc_regEmj
                0x0000000040007414       0x34 hal_qemu_arm64.o
                0x0000000040007414                hal::qemu_virt_arm64::IRQController::write_gicc_reg(unsigned long, unsigned int)
 .text._ZN3hal15qemu_virt_arm6413IRQController13read_gicc_regEm
                0x0000000040007448       0x28 hal_qemu_arm64.o
                0x0000000040007448                hal::qemu_virt_arm64::IRQController::read_gicc_reg(unsigned long)
 .text._ZN3hal15qemu_virt_arm6413IRQController16enable_core_irqsEjj
                0x0000000040007470       0x40 hal_qemu_arm64.o
                0x0000000040007470                hal::qemu_virt_arm64::IRQController::enable_core_irqs(unsigned int, unsigned int)
 .text._ZN3hal15qemu_virt_arm6413IRQController17disable_core_irqsEj
                0x00000000400074b0       0x3c hal_qemu_arm64.o
                0x00000000400074b0                hal::qemu_virt_arm64::IRQController::disable_core_irqs(unsigned int)
 .text._ZN3hal15qemu_virt_arm6413IRQController16init_distributorEv
                0x00000000400074ec      0x12c hal_qemu_arm64.o
                0x00000000400074ec                hal::qemu_virt_arm64::IRQController::init_distributor()
 .text._ZN3hal15qemu_virt_arm6413IRQController18init_cpu_interfaceEj
                0x0000000040007618       0x64 hal_qemu_arm64.o
                0x0000000040007618                hal::qemu_virt_arm64::IRQController::init_cpu_interface(unsigned int)
 .text._ZN3hal15qemu_virt_arm6413IRQController7ack_irqEj
                0x000000004000767c       0x24 hal_qemu_arm64.o
                0x000000004000767c                hal::qemu_virt_arm64::IRQController::ack_irq(unsigned int)
 .text._ZN3hal15qemu_virt_arm6413IRQController7end_irqEjj
                0x00000000400076a0       0x30 hal_qemu_arm64.o
                0x00000000400076a0                hal::qemu_virt_arm64::IRQController::end_irq(unsigned int, unsigned int)
 .text._ZN3hal15qemu_virt_arm6413IRQController15enable_irq_lineEj
                0x00000000400076d0       0x4c hal_qemu_arm64.o
                0x00000000400076d0                hal::qemu_virt_arm64::IRQController::enable_irq_line(unsigned int)
 .text._ZN3hal15qemu_virt_arm6413IRQController16disable_irq_lineEj
                0x000000004000771c       0x4c hal_qemu_arm64.o
                0x000000004000771c                hal::qemu_virt_arm64::IRQController::disable_irq_line(unsigned int)
 .text._ZN3hal15qemu_virt_arm6413IRQController16set_irq_priorityEjh
                0x0000000040007768       0x94 hal_qemu_arm64.o
                0x0000000040007768                hal::qemu_virt_arm64::IRQController::set_irq_priority(unsigned int, unsigned char)
 .text._ZN6kernel3hal14TimerDriverOpsC2Ev
                0x00000000400077fc       0x24 hal_qemu_arm64.o
                0x00000000400077fc                kernel::hal::TimerDriverOps::TimerDriverOps()
                0x00000000400077fc                kernel::hal::TimerDriverOps::TimerDriverOps()
 .text._ZN6kernel3hal14TimerDriverOpsD2Ev
                0x0000000040007820       0x24 hal_qemu_arm64.o
                0x0000000040007820                kernel::hal::TimerDriverOps::~TimerDriverOps()
                0x0000000040007820                kernel::hal::TimerDriverOps::~TimerDriverOps()
 .text._ZN6kernel3hal14TimerDriverOpsD0Ev
                0x0000000040007844       0x28 hal_qemu_arm64.o
                0x0000000040007844                kernel::hal::TimerDriverOps::~TimerDriverOps()
 .text._ZN3hal15qemu_virt_arm6411TimerDriverC2Ev
                0x000000004000786c       0xb0 hal_qemu_arm64.o
                0x000000004000786c                hal::qemu_virt_arm64::TimerDriver::TimerDriver()
                0x000000004000786c                hal::qemu_virt_arm64::TimerDriver::TimerDriver()
 .text._ZN3hal15qemu_virt_arm6411TimerDriver28init_system_timer_propertiesEm
                0x000000004000791c       0x4c hal_qemu_arm64.o
                0x000000004000791c                hal::qemu_virt_arm64::TimerDriver::init_system_timer_properties(unsigned long)
 .text._ZN3hal15qemu_virt_arm6411TimerDriver25init_core_timer_interruptEj
                0x0000000040007968       0x7c hal_qemu_arm64.o
                0x0000000040007968                hal::qemu_virt_arm64::TimerDriver::init_core_timer_interrupt(unsigned int)
 .text._ZN3hal15qemu_virt_arm6411TimerDriver24ack_core_timer_interruptEj
                0x00000000400079e4       0x5c hal_qemu_arm64.o
                0x00000000400079e4                hal::qemu_virt_arm64::TimerDriver::ack_core_timer_interrupt(unsigned int)
 .text._ZN3hal15qemu_virt_arm6411TimerDriver18add_software_timerEPN6kernel3hal5timer13SoftwareTimerE
                0x0000000040007a40       0x70 hal_qemu_arm64.o
                0x0000000040007a40                hal::qemu_virt_arm64::TimerDriver::add_software_timer(kernel::hal::timer::SoftwareTimer*)
 .text._ZN3hal15qemu_virt_arm6411TimerDriver21remove_software_timerEPN6kernel3hal5timer13SoftwareTimerE
                0x0000000040007ab0       0xf4 hal_qemu_arm64.o
                0x0000000040007ab0                hal::qemu_virt_arm64::TimerDriver::remove_software_timer(kernel::hal::timer::SoftwareTimer*)
 .text._ZN3hal15qemu_virt_arm6411TimerDriver18get_system_time_usEv
                0x0000000040007ba4       0x4c hal_qemu_arm64.o
                0x0000000040007ba4                hal::qemu_virt_arm64::TimerDriver::get_system_time_us()
 .text._ZN3hal15qemu_virt_arm6411TimerDriver24hardware_timer_irq_firedEj
                0x0000000040007bf0      0x12c hal_qemu_arm64.o
                0x0000000040007bf0                hal::qemu_virt_arm64::TimerDriver::hardware_timer_irq_fired(unsigned int)
 .text._ZN6kernel3hal16DMAControllerOpsC2Ev
                0x0000000040007d1c       0x24 hal_qemu_arm64.o
                0x0000000040007d1c                kernel::hal::DMAControllerOps::DMAControllerOps()
                0x0000000040007d1c                kernel::hal::DMAControllerOps::DMAControllerOps()
 .text._ZN6kernel3hal16DMAControllerOpsD2Ev
                0x0000000040007d40       0x24 hal_qemu_arm64.o
                0x0000000040007d40                kernel::hal::DMAControllerOps::~DMAControllerOps()
                0x0000000040007d40                kernel::hal::DMAControllerOps::~DMAControllerOps()
 .text._ZN6kernel3hal16DMAControllerOpsD0Ev
                0x0000000040007d64       0x28 hal_qemu_arm64.o
                0x0000000040007d64                kernel::hal::DMAControllerOps::~DMAControllerOps()
 .text._ZN3hal15qemu_virt_arm6413DMAControllerC2Ev
                0x0000000040007d8c       0x68 hal_qemu_arm64.o
                0x0000000040007d8c                hal::qemu_virt_arm64::DMAController::DMAController()
                0x0000000040007d8c                hal::qemu_virt_arm64::DMAController::DMAController()
 .text._ZN3hal15qemu_virt_arm6413DMAController15request_channelEv
                0x0000000040007df4       0xbc hal_qemu_arm64.o
                0x0000000040007df4                hal::qemu_virt_arm64::DMAController::request_channel()
 .text._ZN3hal15qemu_virt_arm6413DMAController28configure_and_start_transferEiRKN6kernel3hal3dma14TransferConfigEPFvibPvES8_
                0x0000000040007eb0      0x154 hal_qemu_arm64.o
                0x0000000040007eb0                hal::qemu_virt_arm64::DMAController::configure_and_start_transfer(int, kernel::hal::dma::TransferConfig const&, void (*)(int, bool, void*), void*)
 .text._ZN3hal15qemu_virt_arm6413DMAController15release_channelEi
                0x0000000040008004       0x6c hal_qemu_arm64.o
                0x0000000040008004                hal::qemu_virt_arm64::DMAController::release_channel(int)
 .text._ZN3hal15qemu_virt_arm649I2SDriver4initEjN6kernel3hal3i2s4ModeERKNS4_6FormatEmhPFvjPNS2_5audio11AudioBufferES5_PvESC_
                0x0000000040008070      0x14c hal_qemu_arm64.o
                0x0000000040008070                hal::qemu_virt_arm64::I2SDriver::init(unsigned int, kernel::hal::i2s::Mode, kernel::hal::i2s::Format const&, unsigned long, unsigned char, void (*)(unsigned int, kernel::audio::AudioBuffer*, kernel::hal::i2s::Mode, void*), void*)
 .text._ZN3hal15qemu_virt_arm649I2SDriver5startEj
                0x00000000400081bc       0xf8 hal_qemu_arm64.o
                0x00000000400081bc                hal::qemu_virt_arm64::I2SDriver::start(unsigned int)
 .text._ZN3hal15qemu_virt_arm649I2SDriver4stopEj
                0x00000000400082b4       0xf0 hal_qemu_arm64.o
                0x00000000400082b4                hal::qemu_virt_arm64::I2SDriver::stop(unsigned int)
 .text._ZN6kernel5audio11AudioBufferC2Ev
                0x00000000400083a4       0x40 hal_qemu_arm64.o
                0x00000000400083a4                kernel::audio::AudioBuffer::AudioBuffer()
                0x00000000400083a4                kernel::audio::AudioBuffer::AudioBuffer()
 .text._ZN3hal15qemu_virt_arm649I2SDriver21get_buffer_for_app_txEj
                0x00000000400083e4      0x258 hal_qemu_arm64.o
                0x00000000400083e4                hal::qemu_virt_arm64::I2SDriver::get_buffer_for_app_tx(unsigned int)
 .text._ZN3hal15qemu_virt_arm649I2SDriver29submit_filled_buffer_to_hw_txEjPN6kernel5audio11AudioBufferE
                0x000000004000863c      0x100 hal_qemu_arm64.o
                0x000000004000863c                hal::qemu_virt_arm64::I2SDriver::submit_filled_buffer_to_hw_tx(unsigned int, kernel::audio::AudioBuffer*)
 .text._ZN3hal15qemu_virt_arm649I2SDriver33release_processed_buffer_to_hw_rxEjPN6kernel5audio11AudioBufferE
                0x000000004000873c       0x78 hal_qemu_arm64.o
                0x000000004000873c                hal::qemu_virt_arm64::I2SDriver::release_processed_buffer_to_hw_rx(unsigned int, kernel::audio::AudioBuffer*)
 .text._ZN3hal15qemu_virt_arm649I2SDriver31convert_hw_format_to_dsp_formatEPN6kernel5audio11AudioBufferERKNS2_3hal3i2s6FormatE
                0x00000000400087b4       0xe4 hal_qemu_arm64.o
                0x00000000400087b4                hal::qemu_virt_arm64::I2SDriver::convert_hw_format_to_dsp_format(kernel::audio::AudioBuffer*, kernel::hal::i2s::Format const&)
 .text._ZN3hal15qemu_virt_arm649I2SDriver31convert_dsp_format_to_hw_formatEPN6kernel5audio11AudioBufferERKNS2_3hal3i2s6FormatE
                0x0000000040008898      0x130 hal_qemu_arm64.o
                0x0000000040008898                hal::qemu_virt_arm64::I2SDriver::convert_dsp_format_to_hw_format(kernel::audio::AudioBuffer*, kernel::hal::i2s::Format const&)
 .text._ZN3hal15qemu_virt_arm649MemoryOps17flush_cache_rangeEPKvm
                0x00000000400089c8       0x94 hal_qemu_arm64.o
                0x00000000400089c8                hal::qemu_virt_arm64::MemoryOps::flush_cache_range(void const*, unsigned long)
 .text._ZN3hal15qemu_virt_arm649MemoryOps22invalidate_cache_rangeEPKvm
                0x0000000040008a5c       0x94 hal_qemu_arm64.o
                0x0000000040008a5c                hal::qemu_virt_arm64::MemoryOps::invalidate_cache_range(void const*, unsigned long)
 .text._ZN3hal15qemu_virt_arm6413NetworkDriver14init_interfaceEi
                0x0000000040008af0       0x24 hal_qemu_arm64.o
                0x0000000040008af0                hal::qemu_virt_arm64::NetworkDriver::init_interface(int)
 .text._ZN3hal15qemu_virt_arm6413NetworkDriver11send_packetEiPKhm
                0x0000000040008b14       0x44 hal_qemu_arm64.o
                0x0000000040008b14                hal::qemu_virt_arm64::NetworkDriver::send_packet(int, unsigned char const*, unsigned long)
 .text._ZN3hal15qemu_virt_arm6413NetworkDriver24register_packet_receiverEPFviPKhmPvES4_
                0x0000000040008b58       0x34 hal_qemu_arm64.o
                0x0000000040008b58                hal::qemu_virt_arm64::NetworkDriver::register_packet_receiver(void (*)(int, unsigned char const*, unsigned long, void*), void*)
 .text._ZN3hal15qemu_virt_arm648PowerOps16enter_idle_stateEj
                0x0000000040008b8c       0x1c hal_qemu_arm64.o
                0x0000000040008b8c                hal::qemu_virt_arm64::PowerOps::enter_idle_state(unsigned int)
 .text._ZN3hal15qemu_virt_arm648PowerOps17set_cpu_frequencyEjj
                0x0000000040008ba8       0x1c hal_qemu_arm64.o
                0x0000000040008ba8                hal::qemu_virt_arm64::PowerOps::set_cpu_frequency(unsigned int, unsigned int)
 .text._ZN3hal15qemu_virt_arm6410GPIODriver9init_bankEj
                0x0000000040008bc4       0x18 hal_qemu_arm64.o
                0x0000000040008bc4                hal::qemu_virt_arm64::GPIODriver::init_bank(unsigned int)
 .text._ZN3hal15qemu_virt_arm6410GPIODriver13configure_pinEjjN6kernel3hal4gpio7PinModeE
                0x0000000040008bdc       0x20 hal_qemu_arm64.o
                0x0000000040008bdc                hal::qemu_virt_arm64::GPIODriver::configure_pin(unsigned int, unsigned int, kernel::hal::gpio::PinMode)
 .text._ZN3hal15qemu_virt_arm6410GPIODriver13set_pin_stateEjjN6kernel3hal4gpio8PinStateE
                0x0000000040008bfc       0x20 hal_qemu_arm64.o
                0x0000000040008bfc                hal::qemu_virt_arm64::GPIODriver::set_pin_state(unsigned int, unsigned int, kernel::hal::gpio::PinState)
 .text._ZN3hal15qemu_virt_arm6410GPIODriver14read_pin_stateEjj
                0x0000000040008c1c       0x1c hal_qemu_arm64.o
                0x0000000040008c1c                hal::qemu_virt_arm64::GPIODriver::read_pin_state(unsigned int, unsigned int)
 .text._ZN3hal15qemu_virt_arm6410GPIODriver16enable_interruptEjjb
                0x0000000040008c38       0x20 hal_qemu_arm64.o
                0x0000000040008c38                hal::qemu_virt_arm64::GPIODriver::enable_interrupt(unsigned int, unsigned int, bool)
 .text._ZN3hal15qemu_virt_arm6414WatchdogDriver14start_watchdogEj
                0x0000000040008c58       0x6c hal_qemu_arm64.o
                0x0000000040008c58                hal::qemu_virt_arm64::WatchdogDriver::start_watchdog(unsigned int)
 .text._ZN3hal15qemu_virt_arm6414WatchdogDriver14reset_watchdogEv
                0x0000000040008cc4       0x60 hal_qemu_arm64.o
                0x0000000040008cc4                hal::qemu_virt_arm64::WatchdogDriver::reset_watchdog()
 .text._ZN3hal15qemu_virt_arm6414WatchdogDriver13stop_watchdogEv
                0x0000000040008d24       0x28 hal_qemu_arm64.o
                0x0000000040008d24                hal::qemu_virt_arm64::WatchdogDriver::stop_watchdog()
 .text._ZN6kernel3hal8PlatformC2Ev
                0x0000000040008d4c       0x24 hal_qemu_arm64.o
                0x0000000040008d4c                kernel::hal::Platform::Platform()
                0x0000000040008d4c                kernel::hal::Platform::Platform()
 .text._ZN6kernel3hal8PlatformD2Ev
                0x0000000040008d70       0x24 hal_qemu_arm64.o
                0x0000000040008d70                kernel::hal::Platform::~Platform()
                0x0000000040008d70                kernel::hal::Platform::~Platform()
 .text._ZN6kernel3hal8PlatformD0Ev
                0x0000000040008d94       0x28 hal_qemu_arm64.o
                0x0000000040008d94                kernel::hal::Platform::~Platform()
 .text._ZN3hal15qemu_virt_arm6410UARTDriverD2Ev
                0x0000000040008dbc       0x30 hal_qemu_arm64.o
                0x0000000040008dbc                hal::qemu_virt_arm64::UARTDriver::~UARTDriver()
                0x0000000040008dbc                hal::qemu_virt_arm64::UARTDriver::~UARTDriver()
 .text._ZN3hal15qemu_virt_arm6410UARTDriverD0Ev
                0x0000000040008dec       0x28 hal_qemu_arm64.o
                0x0000000040008dec                hal::qemu_virt_arm64::UARTDriver::~UARTDriver()
 .text._ZN3hal15qemu_virt_arm6413IRQControllerD2Ev
                0x0000000040008e14       0x30 hal_qemu_arm64.o
                0x0000000040008e14                hal::qemu_virt_arm64::IRQController::~IRQController()
                0x0000000040008e14                hal::qemu_virt_arm64::IRQController::~IRQController()
 .text._ZN3hal15qemu_virt_arm6413IRQControllerD0Ev
                0x0000000040008e44       0x28 hal_qemu_arm64.o
                0x0000000040008e44                hal::qemu_virt_arm64::IRQController::~IRQController()
 .text._ZN3hal15qemu_virt_arm6411TimerDriverD2Ev
                0x0000000040008e6c       0x30 hal_qemu_arm64.o
                0x0000000040008e6c                hal::qemu_virt_arm64::TimerDriver::~TimerDriver()
                0x0000000040008e6c                hal::qemu_virt_arm64::TimerDriver::~TimerDriver()
 .text._ZN3hal15qemu_virt_arm6411TimerDriverD0Ev
                0x0000000040008e9c       0x28 hal_qemu_arm64.o
                0x0000000040008e9c                hal::qemu_virt_arm64::TimerDriver::~TimerDriver()
 .text._ZN3hal15qemu_virt_arm6413DMAControllerD2Ev
                0x0000000040008ec4       0x30 hal_qemu_arm64.o
                0x0000000040008ec4                hal::qemu_virt_arm64::DMAController::~DMAController()
                0x0000000040008ec4                hal::qemu_virt_arm64::DMAController::~DMAController()
 .text._ZN3hal15qemu_virt_arm6413DMAControllerD0Ev
                0x0000000040008ef4       0x28 hal_qemu_arm64.o
                0x0000000040008ef4                hal::qemu_virt_arm64::DMAController::~DMAController()
 .text._ZN3hal15qemu_virt_arm649I2SDriverD2Ev
                0x0000000040008f1c       0x30 hal_qemu_arm64.o
                0x0000000040008f1c                hal::qemu_virt_arm64::I2SDriver::~I2SDriver()
                0x0000000040008f1c                hal::qemu_virt_arm64::I2SDriver::~I2SDriver()
 .text._ZN3hal15qemu_virt_arm649I2SDriverD0Ev
                0x0000000040008f4c       0x28 hal_qemu_arm64.o
                0x0000000040008f4c                hal::qemu_virt_arm64::I2SDriver::~I2SDriver()
 .text._ZN3hal15qemu_virt_arm649MemoryOpsD2Ev
                0x0000000040008f74       0x30 hal_qemu_arm64.o
                0x0000000040008f74                hal::qemu_virt_arm64::MemoryOps::~MemoryOps()
                0x0000000040008f74                hal::qemu_virt_arm64::MemoryOps::~MemoryOps()
 .text._ZN3hal15qemu_virt_arm649MemoryOpsD0Ev
                0x0000000040008fa4       0x28 hal_qemu_arm64.o
                0x0000000040008fa4                hal::qemu_virt_arm64::MemoryOps::~MemoryOps()
 .text._ZN3hal15qemu_virt_arm6413NetworkDriverD2Ev
                0x0000000040008fcc       0x30 hal_qemu_arm64.o
                0x0000000040008fcc                hal::qemu_virt_arm64::NetworkDriver::~NetworkDriver()
                0x0000000040008fcc                hal::qemu_virt_arm64::NetworkDriver::~NetworkDriver()
 .text._ZN3hal15qemu_virt_arm6413NetworkDriverD0Ev
                0x0000000040008ffc       0x28 hal_qemu_arm64.o
                0x0000000040008ffc                hal::qemu_virt_arm64::NetworkDriver::~NetworkDriver()
 .text._ZN3hal15qemu_virt_arm648PowerOpsD2Ev
                0x0000000040009024       0x30 hal_qemu_arm64.o
                0x0000000040009024                hal::qemu_virt_arm64::PowerOps::~PowerOps()
                0x0000000040009024                hal::qemu_virt_arm64::PowerOps::~PowerOps()
 .text._ZN3hal15qemu_virt_arm648PowerOpsD0Ev
                0x0000000040009054       0x28 hal_qemu_arm64.o
                0x0000000040009054                hal::qemu_virt_arm64::PowerOps::~PowerOps()
 .text._ZN3hal15qemu_virt_arm6410GPIODriverD2Ev
                0x000000004000907c       0x30 hal_qemu_arm64.o
                0x000000004000907c                hal::qemu_virt_arm64::GPIODriver::~GPIODriver()
                0x000000004000907c                hal::qemu_virt_arm64::GPIODriver::~GPIODriver()
 .text._ZN3hal15qemu_virt_arm6410GPIODriverD0Ev
                0x00000000400090ac       0x28 hal_qemu_arm64.o
                0x00000000400090ac                hal::qemu_virt_arm64::GPIODriver::~GPIODriver()
 .text._ZN3hal15qemu_virt_arm6414WatchdogDriverD2Ev
                0x00000000400090d4       0x30 hal_qemu_arm64.o
                0x00000000400090d4                hal::qemu_virt_arm64::WatchdogDriver::~WatchdogDriver()
                0x00000000400090d4                hal::qemu_virt_arm64::WatchdogDriver::~WatchdogDriver()
 .text._ZN3hal15qemu_virt_arm6414WatchdogDriverD0Ev
                0x0000000040009104       0x28 hal_qemu_arm64.o
                0x0000000040009104                hal::qemu_virt_arm64::WatchdogDriver::~WatchdogDriver()
 .text._ZN3hal15qemu_virt_arm6421PlatformQEMUVirtARM64C2Ev
                0x000000004000912c      0x18c hal_qemu_arm64.o
                0x000000004000912c                hal::qemu_virt_arm64::PlatformQEMUVirtARM64::PlatformQEMUVirtARM64()
                0x000000004000912c                hal::qemu_virt_arm64::PlatformQEMUVirtARM64::PlatformQEMUVirtARM64()
 .text._ZN3hal15qemu_virt_arm6421PlatformQEMUVirtARM64D2Ev
                0x00000000400092b8       0xb4 hal_qemu_arm64.o
                0x00000000400092b8                hal::qemu_virt_arm64::PlatformQEMUVirtARM64::~PlatformQEMUVirtARM64()
                0x00000000400092b8                hal::qemu_virt_arm64::PlatformQEMUVirtARM64::~PlatformQEMUVirtARM64()
 .text._ZN3hal15qemu_virt_arm6421PlatformQEMUVirtARM64D0Ev
                0x000000004000936c       0x28 hal_qemu_arm64.o
                0x000000004000936c                hal::qemu_virt_arm64::PlatformQEMUVirtARM64::~PlatformQEMUVirtARM64()
 .text._ZNK3hal15qemu_virt_arm6421PlatformQEMUVirtARM6411get_core_idEv
                0x0000000040009394       0x20 hal_qemu_arm64.o
                0x0000000040009394                hal::qemu_virt_arm64::PlatformQEMUVirtARM64::get_core_id() const
 .text._ZNK3hal15qemu_virt_arm6421PlatformQEMUVirtARM6413get_num_coresEv
                0x00000000400093b4       0x14 hal_qemu_arm64.o
                0x00000000400093b4                hal::qemu_virt_arm64::PlatformQEMUVirtARM64::get_num_cores() const
 .text._ZN3hal15qemu_virt_arm6421PlatformQEMUVirtARM6419early_init_platformEv
                0x00000000400093c8      0x13c hal_qemu_arm64.o
                0x00000000400093c8                hal::qemu_virt_arm64::PlatformQEMUVirtARM64::early_init_platform()
 .text._ZN3hal15qemu_virt_arm6421PlatformQEMUVirtARM6415early_init_coreEj
                0x0000000040009504      0x144 hal_qemu_arm64.o
                0x0000000040009504                hal::qemu_virt_arm64::PlatformQEMUVirtARM64::early_init_core(unsigned int)
 .text._ZN3hal15qemu_virt_arm6421PlatformQEMUVirtARM645panicEPKcS3_i
                0x0000000040009648       0xb8 hal_qemu_arm64.o
                0x0000000040009648                hal::qemu_virt_arm64::PlatformQEMUVirtARM64::panic(char const*, char const*, int)
 .text._ZN3hal15qemu_virt_arm6421PlatformQEMUVirtARM6413reboot_systemEv
                0x0000000040009700       0x44 hal_qemu_arm64.o
                0x0000000040009700                hal::qemu_virt_arm64::PlatformQEMUVirtARM64::reboot_system()
 .text._ZN3hal12get_platformEv
                0x0000000040009744       0x5c hal_qemu_arm64.o
                0x0000000040009744                hal::get_platform()
 .text._ZNSt5arrayIbLm8EE4fillERKb
                0x00000000400097a0       0x44 hal_qemu_arm64.o
                0x00000000400097a0                std::array<bool, 8ul>::fill(bool const&)
 .text._ZNSt5arrayIbLm8EEixEm
                0x00000000400097e4       0x20 hal_qemu_arm64.o
                0x00000000400097e4                std::array<bool, 8ul>::operator[](unsigned long)
 .text._ZNSt5arrayIN3hal15qemu_virt_arm649I2SDriver15I2SInstanceDataELm2EEixEm
                0x0000000040009804       0x24 hal_qemu_arm64.o
                0x0000000040009804                std::array<hal::qemu_virt_arm64::I2SDriver::I2SInstanceData, 2ul>::operator[](unsigned long)
 .text._ZN6kernel4util3minIfEERKT_S4_S4_
                0x0000000040009828       0x3c hal_qemu_arm64.o
                0x0000000040009828                float const& kernel::util::min<float>(float const&, float const&)
 .text._ZN6kernel4util3maxIfEERKT_S4_S4_
                0x0000000040009864       0x3c hal_qemu_arm64.o
                0x0000000040009864                float const& kernel::util::max<float>(float const&, float const&)
 .text._ZNSt5arrayIbLm8EE5beginEv
                0x00000000400098a0       0x1c hal_qemu_arm64.o
                0x00000000400098a0                std::array<bool, 8ul>::begin()
 .text._ZSt6fill_nIPbmbET_S1_T0_RKT1_
                0x00000000400098bc       0x48 hal_qemu_arm64.o
                0x00000000400098bc                bool* std::fill_n<bool*, unsigned long, bool>(bool*, unsigned long, bool const&)
 .text._ZSt10__fill_n_aIPbmbET_S1_T0_RKT1_St26random_access_iterator_tag
                0x0000000040009904       0x5c hal_qemu_arm64.o
                0x0000000040009904                bool* std::__fill_n_a<bool*, unsigned long, bool>(bool*, unsigned long, bool const&, std::random_access_iterator_tag)
 .text._ZSt8__fill_aIPbbEvT_S1_RKT0_
                0x0000000040009960       0x30 hal_qemu_arm64.o
                0x0000000040009960                void std::__fill_a<bool*, bool>(bool*, bool*, bool const&)
 .text._ZSt9__fill_a1IPbbEN9__gnu_cxx11__enable_ifIXsrSt11__is_scalarIT0_E7__valueEvE6__typeET_S8_RKS4_
                0x0000000040009990       0x58 hal_qemu_arm64.o
                0x0000000040009990                __gnu_cxx::__enable_if<std::__is_scalar<bool>::__value, void>::__type std::__fill_a1<bool*, bool>(bool*, bool*, bool const&)
 .text._Z41__static_initialization_and_destruction_0v
                0x00000000400099e8       0x3c hal_qemu_arm64.o
 .text._GLOBAL__sub_I__ZN3hal15qemu_virt_arm6419g_platform_instanceE
                0x0000000040009a24       0x14 hal_qemu_arm64.o
 .text          0x0000000040009a38        0x0 cpp_runtime_stubs.o
 .text._ZL15basic_halt_loopv
                0x0000000040009a38        0x8 cpp_runtime_stubs.o
 .text._ZL14heap_panic_oomv
                0x0000000040009a40       0xa8 cpp_runtime_stubs.o
 .text._ZSt9terminatev
                0x0000000040009ae8       0xac cpp_runtime_stubs.o
                0x0000000040009ae8                std::terminate()
 .text._ZSt24__throw_out_of_range_fmtPKcz
                0x0000000040009b94       0xec cpp_runtime_stubs.o
                0x0000000040009b94                std::__throw_out_of_range_fmt(char const*, ...)
 .text.__gxx_personality_v0
                0x0000000040009c80        0x8 cpp_runtime_stubs.o
                0x0000000040009c80                __gxx_personality_v0
 .text.__cxa_deleted_virtual
                0x0000000040009c88        0x8 cpp_runtime_stubs.o
                0x0000000040009c88                __cxa_deleted_virtual
 .text.__getauxval
                0x0000000040009c90       0x14 cpp_runtime_stubs.o
                0x0000000040009c90                __getauxval
 .text._Znwm    0x0000000040009ca4       0xac cpp_runtime_stubs.o
                0x0000000040009ca4                operator new(unsigned long)
 .text._Znam    0x0000000040009d50       0x1c cpp_runtime_stubs.o
                0x0000000040009d50                operator new[](unsigned long)
 .text._ZnwmRKSt9nothrow_t
                0x0000000040009d6c       0xb4 cpp_runtime_stubs.o
                0x0000000040009d6c                operator new(unsigned long, std::nothrow_t const&)
 .text._ZnamRKSt9nothrow_t
                0x0000000040009e20       0x28 cpp_runtime_stubs.o
                0x0000000040009e20                operator new[](unsigned long, std::nothrow_t const&)
 .text._ZdlPv   0x0000000040009e48       0x14 cpp_runtime_stubs.o
                0x0000000040009e48                operator delete(void*)
 .text._ZdaPv   0x0000000040009e5c       0x14 cpp_runtime_stubs.o
                0x0000000040009e5c                operator delete[](void*)
 .text._ZdlPvm  0x0000000040009e70       0x18 cpp_runtime_stubs.o
                0x0000000040009e70                operator delete(void*, unsigned long)
 .text._ZdaPvm  0x0000000040009e88       0x18 cpp_runtime_stubs.o
                0x0000000040009e88                operator delete[](void*, unsigned long)
 .text.__cxa_pure_virtual
                0x0000000040009ea0       0xa8 cpp_runtime_stubs.o
                0x0000000040009ea0                __cxa_pure_virtual
 .text.__cxa_atexit
                0x0000000040009f48       0x1c cpp_runtime_stubs.o
                0x0000000040009f48                __cxa_atexit
 .text.__cxa_guard_acquire
                0x0000000040009f64       0x6c cpp_runtime_stubs.o
                0x0000000040009f64                __cxa_guard_acquire
 .text.__cxa_guard_release
                0x0000000040009fd0       0x3c cpp_runtime_stubs.o
                0x0000000040009fd0                __cxa_guard_release
 .text.__cxa_guard_abort
                0x000000004000a00c       0x14 cpp_runtime_stubs.o
                0x000000004000a00c                __cxa_guard_abort
 .text._Unwind_Resume
                0x000000004000a020       0xa8 cpp_runtime_stubs.o
                0x000000004000a020                _Unwind_Resume
 .text._Z41__static_initialization_and_destruction_0v
                0x000000004000a0c8       0x2c cpp_runtime_stubs.o
 .text._GLOBAL__sub_I___dso_handle
                0x000000004000a0f4       0x14 cpp_runtime_stubs.o
 .text          0x000000004000a108        0x0 freestanding_stubs.o
 .text.memcpy   0x000000004000a108       0x70 freestanding_stubs.o
                0x000000004000a108                memcpy
 .text.memset   0x000000004000a178       0x64 freestanding_stubs.o
                0x000000004000a178                memset
 .text.memcmp   0x000000004000a1dc       0xb0 freestanding_stubs.o
                0x000000004000a1dc                memcmp
 .text.memchr   0x000000004000a28c       0x7c freestanding_stubs.o
                0x000000004000a28c                memchr
 .text.strlen   0x000000004000a308       0x54 freestanding_stubs.o
                0x000000004000a308                strlen
 .text.strcpy   0x000000004000a35c       0x84 freestanding_stubs.o
                0x000000004000a35c                strcpy
 .text.strncpy  0x000000004000a3e0       0xd0 freestanding_stubs.o
                0x000000004000a3e0                strncpy
 .text.strcmp   0x000000004000a4b0       0xb4 freestanding_stubs.o
                0x000000004000a4b0                strcmp
 .text.strncmp  0x000000004000a564      0x150 freestanding_stubs.o
                0x000000004000a564                strncmp
 .text.early_uart_puts
                0x000000004000a6b4       0xc4 freestanding_stubs.o
                0x000000004000a6b4                early_uart_puts
 .text.__aarch64_cas1_acq
                0x000000004000a778       0x50 freestanding_stubs.o
                0x000000004000a778                __aarch64_cas1_acq
 .text.__aarch64_ldadd8_relax
                0x000000004000a7c8       0x48 freestanding_stubs.o
                0x000000004000a7c8                __aarch64_ldadd8_relax
 .text.__aarch64_swp1_rel
                0x000000004000a810       0x40 freestanding_stubs.o
                0x000000004000a810                __aarch64_swp1_rel
 .text          0x000000004000a850       0x34 /usr/lib/gcc-cross/aarch64-linux-gnu/13/libgcc.a(cas_1_4.o)
                0x000000004000a850                __aarch64_cas1_acq_rel
 *fill*         0x000000004000a884        0xc 
 .text          0x000000004000a890       0x2c /usr/lib/gcc-cross/aarch64-linux-gnu/13/libgcc.a(swp_1_4.o)
                0x000000004000a890                __aarch64_swp1_acq_rel
 *fill*         0x000000004000a8bc        0x4 
 .text          0x000000004000a8c0       0x30 /usr/lib/gcc-cross/aarch64-linux-gnu/13/libgcc.a(ldadd_8_4.o)
                0x000000004000a8c0                __aarch64_ldadd8_acq_rel
 .text          0x000000004000a8f0        0x0 /usr/lib/gcc-cross/aarch64-linux-gnu/13/libgcc.a(lse-init.o)
 .text.startup  0x000000004000a8f0       0x2c /usr/lib/gcc-cross/aarch64-linux-gnu/13/libgcc.a(lse-init.o)
 *(.vectors)
 *fill*         0x000000004000a91c      0x6e4 
 .vectors       0x000000004000b000      0x800 cpu_arm64.o
                0x000000004000b000                exception_vectors

.plt            0x000000004000b800        0x0
 .plt           0x000000004000b800        0x0 core.o

.rodata         0x000000004000b800     0x208c
 *(.rodata .rodata.*)
 .rodata._ZN6kernel4coreL11MAX_THREADSE
                0x000000004000b800        0x8 core.o
 .rodata._ZN6kernel4coreL15MAX_NAME_LENGTHE
                0x000000004000b808        0x8 core.o
 .rodata._ZN6kernel4coreL9MAX_CORESE
                0x000000004000b810        0x8 core.o
 .rodata._ZN6kernel4coreL19MAX_PRIORITY_LEVELSE
                0x000000004000b818        0x8 core.o
 .rodata._ZN6kernel4coreL17TRACE_BUFFER_SIZEE
                0x000000004000b820        0x8 core.o
 .rodata._ZN6kernel4coreL18DEFAULT_STACK_SIZEE
                0x000000004000b828        0x8 core.o
 .rodata._ZN6kernel4coreL19MAX_SOFTWARE_TIMERSE
                0x000000004000b830        0x8 core.o
 .rodata._ZN6kernel4coreL9MAX_LOCKSE
                0x000000004000b838        0x8 core.o
 .rodata._ZN6kernel4coreL19NET_MAX_PACKET_SIZEE
                0x000000004000b840        0x8 core.o
 .rodata._ZN6kernel4coreL18MAX_AUDIO_CHANNELSE
                0x000000004000b848        0x8 core.o
 .rodata._ZN6kernel3halL16SYSTEM_TIMER_IRQE
                0x000000004000b850        0x4 core.o
 .rodata._ZN6kernel3hal3dmaL15INVALID_CHANNELE
                0x000000004000b854        0x4 core.o
 .rodata._ZN6kernel3hal4gpioL9NUM_BANKSE
                0x000000004000b858        0x8 core.o
 .rodata._ZN6kernel3hal4gpioL13PINS_PER_BANKE
                0x000000004000b860        0x8 core.o
 .rodata._ZN5traceL16MAX_TRACE_EVENTSE
                0x000000004000b868        0x8 core.o
 .rodata.kernel_g_per_cpu_data
                0x000000004000b870        0x8 core.o
                0x000000004000b870                kernel_g_per_cpu_data
 .rodata        0x000000004000b878      0x46d core.o
 *fill*         0x000000004000bce5        0x3 
 .rodata._ZTVN6kernel4core9EDFPolicyE
                0x000000004000bce8       0x30 core.o
                0x000000004000bce8                vtable for kernel::core::EDFPolicy
 .rodata._ZTVN6kernel4core15SchedulerPolicyE
                0x000000004000bd18       0x30 core.o
                0x000000004000bd18                vtable for kernel::core::SchedulerPolicy
 .rodata._ZN6kernel4coreL11MAX_THREADSE
                0x000000004000bd48        0x8 hal.o
 .rodata._ZN6kernel4coreL15MAX_NAME_LENGTHE
                0x000000004000bd50        0x8 hal.o
 .rodata._ZN6kernel4coreL9MAX_CORESE
                0x000000004000bd58        0x8 hal.o
 .rodata._ZN6kernel4coreL19MAX_PRIORITY_LEVELSE
                0x000000004000bd60        0x8 hal.o
 .rodata._ZN6kernel4coreL17TRACE_BUFFER_SIZEE
                0x000000004000bd68        0x8 hal.o
 .rodata._ZN6kernel4coreL18DEFAULT_STACK_SIZEE
                0x000000004000bd70        0x8 hal.o
 .rodata._ZN6kernel4coreL19MAX_SOFTWARE_TIMERSE
                0x000000004000bd78        0x8 hal.o
 .rodata._ZN6kernel4coreL9MAX_LOCKSE
                0x000000004000bd80        0x8 hal.o
 .rodata._ZN6kernel4coreL19NET_MAX_PACKET_SIZEE
                0x000000004000bd88        0x8 hal.o
 .rodata._ZN6kernel4coreL18MAX_AUDIO_CHANNELSE
                0x000000004000bd90        0x8 hal.o
 .rodata._ZN6kernel3halL16SYSTEM_TIMER_IRQE
                0x000000004000bd98        0x4 hal.o
 .rodata._ZN6kernel3hal3dmaL15INVALID_CHANNELE
                0x000000004000bd9c        0x4 hal.o
 .rodata._ZN6kernel3hal4gpioL9NUM_BANKSE
                0x000000004000bda0        0x8 hal.o
 .rodata._ZN6kernel3hal4gpioL13PINS_PER_BANKE
                0x000000004000bda8        0x8 hal.o
 .rodata._ZN3hal15qemu_virt_arm64L9UART_BASEE
                0x000000004000bdb0        0x8 hal.o
 .rodata._ZN3hal15qemu_virt_arm64L20GIC_DISTRIBUTOR_BASEE
                0x000000004000bdb8        0x8 hal.o
 .rodata._ZN3hal15qemu_virt_arm64L22GIC_CPU_INTERFACE_BASEE
                0x000000004000bdc0        0x8 hal.o
 .rodata._ZN3hal15qemu_virt_arm64L8RTC_BASEE
                0x000000004000bdc8        0x8 hal.o
 .rodata._ZN3hal15qemu_virt_arm64L16VIRTIO_MMIO_BASEE
                0x000000004000bdd0        0x8 hal.o
 .rodata._ZN3hal15qemu_virt_arm64L19VIRTIO_NET_REG_BASEE
                0x000000004000bdd8        0x8 hal.o
 .rodata._ZN3hal15qemu_virt_arm64L14GPIO_CTRL_BASEE
                0x000000004000bde0        0x8 hal.o
 .rodata._ZN3hal15qemu_virt_arm64L13I2S_CTRL_BASEE
                0x000000004000bde8        0x8 hal.o
 .rodata._ZN3hal15qemu_virt_arm64L9IRQ_UART0E
                0x000000004000bdf0        0x4 hal.o
 .rodata._ZN3hal15qemu_virt_arm64L13IRQ_RTC_PL031E
                0x000000004000bdf4        0x4 hal.o
 .rodata._ZN3hal15qemu_virt_arm64L14IRQ_VIRTIO_NETE
                0x000000004000bdf8        0x4 hal.o
 .rodata._ZN3hal15qemu_virt_arm64L16IRQ_GPIO_EXAMPLEE
                0x000000004000bdfc        0x4 hal.o
 .rodata        0x000000004000be00       0x74 hal.o
 *fill*         0x000000004000be74        0x4 
 .rodata        0x000000004000be78       0x7a util.o
 *fill*         0x000000004000bef2        0x6 
 .rodata._ZN6kernel4coreL11MAX_THREADSE
                0x000000004000bef8        0x8 trace.o
 .rodata._ZN6kernel4coreL15MAX_NAME_LENGTHE
                0x000000004000bf00        0x8 trace.o
 .rodata._ZN6kernel4coreL9MAX_CORESE
                0x000000004000bf08        0x8 trace.o
 .rodata._ZN6kernel4coreL19MAX_PRIORITY_LEVELSE
                0x000000004000bf10        0x8 trace.o
 .rodata._ZN6kernel4coreL17TRACE_BUFFER_SIZEE
                0x000000004000bf18        0x8 trace.o
 .rodata._ZN6kernel4coreL18DEFAULT_STACK_SIZEE
                0x000000004000bf20        0x8 trace.o
 .rodata._ZN6kernel4coreL19MAX_SOFTWARE_TIMERSE
                0x000000004000bf28        0x8 trace.o
 .rodata._ZN6kernel4coreL9MAX_LOCKSE
                0x000000004000bf30        0x8 trace.o
 .rodata._ZN6kernel4coreL19NET_MAX_PACKET_SIZEE
                0x000000004000bf38        0x8 trace.o
 .rodata._ZN6kernel4coreL18MAX_AUDIO_CHANNELSE
                0x000000004000bf40        0x8 trace.o
 .rodata._ZN6kernel3halL16SYSTEM_TIMER_IRQE
                0x000000004000bf48        0x4 trace.o
 .rodata._ZN6kernel3hal3dmaL15INVALID_CHANNELE
                0x000000004000bf4c        0x4 trace.o
 .rodata._ZN6kernel3hal4gpioL9NUM_BANKSE
                0x000000004000bf50        0x8 trace.o
 .rodata._ZN6kernel3hal4gpioL13PINS_PER_BANKE
                0x000000004000bf58        0x8 trace.o
 .rodata._ZN5traceL16MAX_TRACE_EVENTSE
                0x000000004000bf60        0x8 trace.o
 .rodata        0x000000004000bf68       0xda trace.o
 *fill*         0x000000004000c042        0x6 
 .rodata._ZN6kernel4coreL11MAX_THREADSE
                0x000000004000c048        0x8 cli_minimal.o
 .rodata._ZN6kernel4coreL15MAX_NAME_LENGTHE
                0x000000004000c050        0x8 cli_minimal.o
 .rodata._ZN6kernel4coreL9MAX_CORESE
                0x000000004000c058        0x8 cli_minimal.o
 .rodata._ZN6kernel4coreL19MAX_PRIORITY_LEVELSE
                0x000000004000c060        0x8 cli_minimal.o
 .rodata._ZN6kernel4coreL17TRACE_BUFFER_SIZEE
                0x000000004000c068        0x8 cli_minimal.o
 .rodata._ZN6kernel4coreL18DEFAULT_STACK_SIZEE
                0x000000004000c070        0x8 cli_minimal.o
 .rodata._ZN6kernel4coreL19MAX_SOFTWARE_TIMERSE
                0x000000004000c078        0x8 cli_minimal.o
 .rodata._ZN6kernel4coreL9MAX_LOCKSE
                0x000000004000c080        0x8 cli_minimal.o
 .rodata._ZN6kernel4coreL19NET_MAX_PACKET_SIZEE
                0x000000004000c088        0x8 cli_minimal.o
 .rodata._ZN6kernel4coreL18MAX_AUDIO_CHANNELSE
                0x000000004000c090        0x8 cli_minimal.o
 .rodata._ZN6kernel3halL16SYSTEM_TIMER_IRQE
                0x000000004000c098        0x4 cli_minimal.o
 .rodata._ZN6kernel3hal3dmaL15INVALID_CHANNELE
                0x000000004000c09c        0x4 cli_minimal.o
 .rodata._ZN6kernel3hal4gpioL9NUM_BANKSE
                0x000000004000c0a0        0x8 cli_minimal.o
 .rodata._ZN6kernel3hal4gpioL13PINS_PER_BANKE
                0x000000004000c0a8        0x8 cli_minimal.o
 .rodata        0x000000004000c0b0       0x3e cli_minimal.o
 *fill*         0x000000004000c0ee        0x2 
 .rodata._ZN6kernel4coreL11MAX_THREADSE
                0x000000004000c0f0        0x8 kernel_globals.o
 .rodata._ZN6kernel4coreL15MAX_NAME_LENGTHE
                0x000000004000c0f8        0x8 kernel_globals.o
 .rodata._ZN6kernel4coreL9MAX_CORESE
                0x000000004000c100        0x8 kernel_globals.o
 .rodata._ZN6kernel4coreL19MAX_PRIORITY_LEVELSE
                0x000000004000c108        0x8 kernel_globals.o
 .rodata._ZN6kernel4coreL17TRACE_BUFFER_SIZEE
                0x000000004000c110        0x8 kernel_globals.o
 .rodata._ZN6kernel4coreL18DEFAULT_STACK_SIZEE
                0x000000004000c118        0x8 kernel_globals.o
 .rodata._ZN6kernel4coreL19MAX_SOFTWARE_TIMERSE
                0x000000004000c120        0x8 kernel_globals.o
 .rodata._ZN6kernel4coreL9MAX_LOCKSE
                0x000000004000c128        0x8 kernel_globals.o
 .rodata._ZN6kernel4coreL19NET_MAX_PACKET_SIZEE
                0x000000004000c130        0x8 kernel_globals.o
 .rodata._ZN6kernel4coreL18MAX_AUDIO_CHANNELSE
                0x000000004000c138        0x8 kernel_globals.o
 .rodata._ZN6kernel3halL16SYSTEM_TIMER_IRQE
                0x000000004000c140        0x4 kernel_globals.o
 .rodata._ZN6kernel3hal3dmaL15INVALID_CHANNELE
                0x000000004000c144        0x4 kernel_globals.o
 .rodata._ZN6kernel3hal4gpioL9NUM_BANKSE
                0x000000004000c148        0x8 kernel_globals.o
 .rodata._ZN6kernel3hal4gpioL13PINS_PER_BANKE
                0x000000004000c150        0x8 kernel_globals.o
 .rodata        0x000000004000c158      0x12b cpu_arm64.o
 *fill*         0x000000004000c283        0x5 
 .rodata._ZN6kernel4coreL11MAX_THREADSE
                0x000000004000c288        0x8 hal_qemu_arm64.o
 .rodata._ZN6kernel4coreL15MAX_NAME_LENGTHE
                0x000000004000c290        0x8 hal_qemu_arm64.o
 .rodata._ZN6kernel4coreL9MAX_CORESE
                0x000000004000c298        0x8 hal_qemu_arm64.o
 .rodata._ZN6kernel4coreL19MAX_PRIORITY_LEVELSE
                0x000000004000c2a0        0x8 hal_qemu_arm64.o
 .rodata._ZN6kernel4coreL17TRACE_BUFFER_SIZEE
                0x000000004000c2a8        0x8 hal_qemu_arm64.o
 .rodata._ZN6kernel4coreL18DEFAULT_STACK_SIZEE
                0x000000004000c2b0        0x8 hal_qemu_arm64.o
 .rodata._ZN6kernel4coreL19MAX_SOFTWARE_TIMERSE
                0x000000004000c2b8        0x8 hal_qemu_arm64.o
 .rodata._ZN6kernel4coreL9MAX_LOCKSE
                0x000000004000c2c0        0x8 hal_qemu_arm64.o
 .rodata._ZN6kernel4coreL19NET_MAX_PACKET_SIZEE
                0x000000004000c2c8        0x8 hal_qemu_arm64.o
 .rodata._ZN6kernel4coreL18MAX_AUDIO_CHANNELSE
                0x000000004000c2d0        0x8 hal_qemu_arm64.o
 .rodata._ZN6kernel3halL16SYSTEM_TIMER_IRQE